Component: Arm Compiler for Embedded 6.19 Tool: armlink [5e73cb00]

==============================================================================

Section Cross References

    startup_stm32f746xx.o(STACK) refers (Special) to heapauxi.o(.text) for __use_two_region_memory
    startup_stm32f746xx.o(HEAP) refers (Special) to heapauxi.o(.text) for __use_two_region_memory
    startup_stm32f746xx.o(RESET) refers (Special) to heapauxi.o(.text) for __use_two_region_memory
    startup_stm32f746xx.o(RESET) refers to startup_stm32f746xx.o(STACK) for __initial_sp
    startup_stm32f746xx.o(RESET) refers to startup_stm32f746xx.o(.text) for Reset_Handler
    startup_stm32f746xx.o(RESET) refers to stm32f7xx_it.o(.text.NMI_Handler) for NMI_Handler
    startup_stm32f746xx.o(RESET) refers to stm32f7xx_it.o(.text.HardFault_Handler) for HardFault_Handler
    startup_stm32f746xx.o(RESET) refers to stm32f7xx_it.o(.text.MemManage_Handler) for MemManage_Handler
    startup_stm32f746xx.o(RESET) refers to stm32f7xx_it.o(.text.BusFault_Handler) for BusFault_Handler
    startup_stm32f746xx.o(RESET) refers to stm32f7xx_it.o(.text.UsageFault_Handler) for UsageFault_Handler
    startup_stm32f746xx.o(RESET) refers to stm32f7xx_it.o(.text.SVC_Handler) for SVC_Handler
    startup_stm32f746xx.o(RESET) refers to stm32f7xx_it.o(.text.DebugMon_Handler) for DebugMon_Handler
    startup_stm32f746xx.o(RESET) refers to stm32f7xx_it.o(.text.PendSV_Handler) for PendSV_Handler
    startup_stm32f746xx.o(RESET) refers to stm32f7xx_it.o(.text.SysTick_Handler) for SysTick_Handler
    startup_stm32f746xx.o(RESET) refers to stm32f7xx_it.o(.text.TIM1_UP_TIM10_IRQHandler) for TIM1_UP_TIM10_IRQHandler
    startup_stm32f746xx.o(RESET) refers to stm32f7xx_it.o(.text.TIM1_TRG_COM_TIM11_IRQHandler) for TIM1_TRG_COM_TIM11_IRQHandler
    startup_stm32f746xx.o(RESET) refers to stm32f7xx_it.o(.text.TIM2_IRQHandler) for TIM2_IRQHandler
    startup_stm32f746xx.o(RESET) refers to stm32f7xx_it.o(.text.TIM3_IRQHandler) for TIM3_IRQHandler
    startup_stm32f746xx.o(RESET) refers to stm32f7xx_it.o(.text.USART1_IRQHandler) for USART1_IRQHandler
    startup_stm32f746xx.o(RESET) refers to stm32f7xx_it.o(.text.TIM8_UP_TIM13_IRQHandler) for TIM8_UP_TIM13_IRQHandler
    startup_stm32f746xx.o(RESET) refers to stm32f7xx_it.o(.text.TIM8_TRG_COM_TIM14_IRQHandler) for TIM8_TRG_COM_TIM14_IRQHandler
    startup_stm32f746xx.o(RESET) refers to stm32f7xx_it.o(.text.TIM7_IRQHandler) for TIM7_IRQHandler
    startup_stm32f746xx.o(.text) refers (Special) to heapauxi.o(.text) for __use_two_region_memory
    startup_stm32f746xx.o(.text) refers to system_stm32f7xx.o(.text.SystemInit) for SystemInit
    startup_stm32f746xx.o(.text) refers to __main.o(!!!main) for __main
    startup_stm32f746xx.o(.text) refers to startup_stm32f746xx.o(HEAP) for Heap_Mem
    startup_stm32f746xx.o(.text) refers to startup_stm32f746xx.o(STACK) for Stack_Mem
    invert_kinematic.o(.ARM.exidx.text.Robot_Init) refers to invert_kinematic.o(.text.Robot_Init) for [Anonymous Symbol]
    invert_kinematic.o(.ARM.exidx.text.MatrixMultiply) refers to invert_kinematic.o(.text.MatrixMultiply) for [Anonymous Symbol]
    invert_kinematic.o(.text.Select) refers to f2d.o(x$fpl$f2d) for __aeabi_f2d
    invert_kinematic.o(.text.Select) refers to ddiv.o(x$fpl$ddiv) for __aeabi_ddiv
    invert_kinematic.o(.text.Select) refers to dcmp.o(x$fpl$fcmp) for __aeabi_dcmpgt
    invert_kinematic.o(.ARM.exidx.text.Select) refers to invert_kinematic.o(.text.Select) for [Anonymous Symbol]
    invert_kinematic.o(.text.Invert_Kinematic) refers to invert_kinematic.o(.bss.T0V) for T0V
    invert_kinematic.o(.text.Invert_Kinematic) refers to invert_kinematic.o(.bss..L_MergedGlobals) for .L_MergedGlobals
    invert_kinematic.o(.text.Invert_Kinematic) refers to f2d.o(x$fpl$f2d) for __aeabi_f2d
    invert_kinematic.o(.text.Invert_Kinematic) refers to atan2.o(i.__hardfp_atan2) for __hardfp_atan2
    invert_kinematic.o(.text.Invert_Kinematic) refers to d2f.o(x$fpl$d2f) for __aeabi_d2f
    invert_kinematic.o(.text.Invert_Kinematic) refers to ddiv.o(x$fpl$ddiv) for __aeabi_ddiv
    invert_kinematic.o(.text.Invert_Kinematic) refers to dcmp.o(x$fpl$fcmp) for __aeabi_dcmpgt
    invert_kinematic.o(.text.Invert_Kinematic) refers to cos.o(i.__hardfp_cos) for __hardfp_cos
    invert_kinematic.o(.text.Invert_Kinematic) refers to sin.o(i.__hardfp_sin) for __hardfp_sin
    invert_kinematic.o(.text.Invert_Kinematic) refers to dmul.o(x$fpl$dmul) for __aeabi_dmul
    invert_kinematic.o(.text.Invert_Kinematic) refers to daddsub_clz.o(x$fpl$dadd) for __aeabi_dadd
    invert_kinematic.o(.text.Invert_Kinematic) refers to daddsub_clz.o(x$fpl$dsub) for __aeabi_dsub
    invert_kinematic.o(.text.Invert_Kinematic) refers to sqrt.o(i.__hardfp_sqrt) for __hardfp_sqrt
    invert_kinematic.o(.ARM.exidx.text.Invert_Kinematic) refers to invert_kinematic.o(.text.Invert_Kinematic) for [Anonymous Symbol]
[...]
    [Anonymous Symbol]                       0x08000490   Section        0  main.o(.text.Error_Handler)
    [Anonymous Symbol]                       0x080004a0   Section        0  stm32f7xx_hal_dac.o(.text.HAL_DAC_ConfigChannel)
    [Anonymous Symbol]                       0x080004e8   Section        0  stm32f7xx_hal_dac.o(.text.HAL_DAC_Init)
    [Anonymous Symbol]                       0x08000510   Section        0  stm32f7xx_hal_msp.o(.text.HAL_DAC_MspInit)
    [Anonymous Symbol]                       0x08000570   Section        0  stm32f7xx_hal_dac.o(.text.HAL_DAC_SetValue)
    [Anonymous Symbol]                       0x080005a0   Section        0  stm32f7xx_hal_dac.o(.text.HAL_DAC_Start)
    [Anonymous Symbol]                       0x080005f8   Section        0  stm32f7xx_hal_dma.o(.text.HAL_DMA_Abort)
    [Anonymous Symbol]                       0x08000688   Section        0  stm32f7xx_hal_dma.o(.text.HAL_DMA_Abort_IT)
    [Anonymous Symbol]                       0x080006b0   Section        0  stm32f7xx_hal_gpio.o(.text.HAL_GPIO_Init)
    [Anonymous Symbol]                       0x08000858   Section        0  stm32f7xx_hal_gpio.o(.text.HAL_GPIO_WritePin)
    [Anonymous Symbol]                       0x08000868   Section        0  stm32f7xx_hal.o(.text.HAL_GetTick)
    [Anonymous Symbol]                       0x08000878   Section        0  stm32f7xx_hal.o(.text.HAL_IncTick)
    [Anonymous Symbol]                       0x08000898   Section        0  stm32f7xx_hal.o(.text.HAL_Init)
    [Anonymous Symbol]                       0x080008b0   Section        0  stm32f7xx_hal.o(.text.HAL_InitTick)
    [Anonymous Symbol]                       0x080008f8   Section        0  stm32f7xx_hal_msp.o(.text.HAL_MspInit)
    [Anonymous Symbol]                       0x08000930   Section        0  stm32f7xx_hal_cortex.o(.text.HAL_NVIC_EnableIRQ)
    [Anonymous Symbol]                       0x08000958   Section        0  stm32f7xx_hal_cortex.o(.text.HAL_NVIC_SetPriority)
    [Anonymous Symbol]                       0x080009b8   Section        0  stm32f7xx_hal_cortex.o(.text.HAL_NVIC_SetPriorityGrouping)
    [Anonymous Symbol]                       0x080009d8   Section        0  stm32f7xx_hal_pwr_ex.o(.text.HAL_PWREx_EnableOverDrive)
    [Anonymous Symbol]                       0x08000a50   Section        0  stm32f7xx_hal_rcc_ex.o(.text.HAL_RCCEx_PeriphCLKConfig)
    [Anonymous Symbol]                       0x08000fc8   Section        0  stm32f7xx_hal_rcc.o(.text.HAL_RCC_ClockConfig)
    [Anonymous Symbol]                       0x080011b8   Section        0  stm32f7xx_hal_rcc.o(.text.HAL_RCC_GetPCLK1Freq)
    [Anonymous Symbol]                       0x080011e0   Section        0  stm32f7xx_hal_rcc.o(.text.HAL_RCC_GetPCLK2Freq)
    [Anonymous Symbol]                       0x08001208   Section        0  stm32f7xx_hal_rcc.o(.text.HAL_RCC_GetSysClockFreq)
    [Anonymous Symbol]                       0x08001278   Section        0  stm32f7xx_hal_rcc.o(.text.HAL_RCC_OscConfig)
    [Anonymous Symbol]                       0x08001608   Section        0  stm32f7xx_hal_spi.o(.text.HAL_SPI_Init)
    [Anonymous Symbol]                       0x080016e8   Section        0  stm32f7xx_hal_msp.o(.text.HAL_SPI_MspInit)
    [Anonymous Symbol]                       0x080017a8   Section        0  stm32f7xx_hal_spi.o(.text.HAL_SPI_Transmit)
    [Anonymous Symbol]                       0x080019c8   Section        0  stm32f7xx_hal_cortex.o(.text.HAL_SYSTICK_Config)
    [Anonymous Symbol]                       0x080019f8   Section        0  stm32f7xx_hal_tim_ex.o(.text.HAL_TIMEx_Break2Callback)
    [Anonymous Symbol]                       0x08001a00   Section        0  stm32f7xx_hal_tim_ex.o(.text.HAL_TIMEx_BreakCallback)
    [Anonymous Symbol]                       0x08001a08   Section        0  stm32f7xx_hal_tim_ex.o(.text.HAL_TIMEx_CommutCallback)
    [Anonymous Symbol]                       0x08001a10   Section        0  stm32f7xx_hal_tim_ex.o(.text.HAL_TIMEx_MasterConfigSynchronization)
    [Anonymous Symbol]                       0x08001ae0   Section        0  stm32f7xx_hal_tim.o(.text.HAL_TIM_Base_Init)
    [Anonymous Symbol]                       0x08001b40   Section        0  stm32f7xx_hal_msp.o(.text.HAL_TIM_Base_MspInit)
    [Anonymous Symbol]                       0x08001d40   Section        0  stm32f7xx_hal_tim.o(.text.HAL_TIM_Base_Start)
    [Anonymous Symbol]                       0x08001df0   Section        0  stm32f7xx_hal_tim.o(.text.HAL_TIM_Base_Start_IT)
    [Anonymous Symbol]                       0x08001ea8   Section        0  stm32f7xx_hal_tim.o(.text.HAL_TIM_ConfigClockSource)
    [Anonymous Symbol]                       0x08002048   Section        0  stm32f7xx_hal_tim.o(.text.HAL_TIM_IC_CaptureCallback)
    [Anonymous Symbol]                       0x08002050   Section        0  stm32f7xx_hal_tim.o(.text.HAL_TIM_IRQHandler)
    [Anonymous Symbol]                       0x080021e0   Section        0  stm32f7xx_hal_msp.o(.text.HAL_TIM_MspPostInit)
    [Anonymous Symbol]                       0x08002230   Section        0  stm32f7xx_hal_tim.o(.text.HAL_TIM_OC_DelayElapsedCallback)
    [Anonymous Symbol]                       0x08002238   Section        0  stm32f7xx_hal_tim.o(.text.HAL_TIM_PWM_ConfigChannel)
    [Anonymous Symbol]                       0x08002560   Section        0  stm32f7xx_hal_tim.o(.text.HAL_TIM_PWM_Init)
    [Anonymous Symbol]                       0x080025c0   Section        0  stm32f7xx_hal_tim.o(.text.HAL_TIM_PWM_MspInit)
    [Anonymous Symbol]                       0x080025c8   Section        0  stm32f7xx_hal_tim.o(.text.HAL_TIM_PWM_PulseFinishedCallback)
    [Anonymous Symbol]                       0x080025d0   Section        0  stm32f7xx_hal_tim.o(.text.HAL_TIM_PWM_Start)
    [Anonymous Symbol]                       0x08002740   Section        0  main.o(.text.HAL_TIM_PeriodElapsedCallback)
    [Anonymous Symbol]                       0x08002838   Section        0  stm32f7xx_hal_tim.o(.text.HAL_TIM_TriggerCallback)
    [Anonymous Symbol]                       0x08002840   Section        0  stm32f7xx_hal_uart.o(.text.HAL_UARTEx_RxEventCallback)
    [Anonymous Symbol]                       0x08002848   Section        0  stm32f7xx_hal_uart.o(.text.HAL_UART_ErrorCallback)
    [Anonymous Symbol]                       0x08002850   Section        0  stm32f7xx_hal_uart.o(.text.HAL_UART_IRQHandler)
    [Anonymous Symbol]                       0x08002e50   Section        0  stm32f7xx_hal_uart.o(.text.HAL_UART_Init)
    [Anonymous Symbol]                       0x08002ef8   Section        0  stm32f7xx_hal_msp.o(.text.HAL_UART_MspInit)
    [Anonymous Symbol]                       0x08002f90   Section        0  stm32f7xx_hal_uart.o(.text.HAL_UART_Receive_IT)
    [Anonymous Symbol]                       0x08003028   Section        0  main.o(.text.HAL_UART_RxCpltCallback)
    [Anonymous Symbol]                       0x080030f0   Section        0  stm32f7xx_hal_uart.o(.text.HAL_UART_TxCpltCallback)
    [Anonymous Symbol]                       0x080030f8   Section        0  stm32f7xx_it.o(.text.HardFault_Handler)
    [Anonymous Symbol]                       0x08003100   Section        0  mcp4822.o(.text.MCP4822_SP)
    [Anonymous Symbol]                       0x08003228   Section        0  stm32f7xx_it.o(.text.MemManage_Handler)
    [Anonymous Symbol]                       0x08003230   Section        0  step_motor.o(.text.MotionProfile_Set)
    [Anonymous Symbol]                       0x08003438   Section        0  step_motor.o(.text.MotionVar_Prepare)
    [Anonymous Symbol]                       0x080034b8   Section        0  step_motor.o(.text.Motor_run)
    [Anonymous Symbol]                       0x08003a98   Section        0  stm32f7xx_it.o(.text.NMI_Handler)
    [Anonymous Symbol]                       0x08003aa0   Section        0  stm32f7xx_it.o(.text.PendSV_Handler)
    [Anonymous Symbol]                       0x08003aa8   Section        0  invert_kinematic.o(.text.Robot_Init)
    SPI_EndRxTxTransaction                   0x08003b51   Thumb Code   198  stm32f7xx_hal_spi.o(.text.SPI_EndRxTxTransaction)
    [Anonymous Symbol]                       0x08003b50   Section        0  stm32f7xx_hal_spi.o(.text.SPI_EndRxTxTransaction)
    SPI_WaitFifoStateUntilTimeout            0x08003c19   Thumb Code   388  stm32f7xx_hal_spi.o(.text.SPI_WaitFifoStateUntilTimeout)
    [Anonymous Symbol]                       0x08003c18   Section        0  stm32f7xx_hal_spi.o(.text.SPI_WaitFifoStateUntilTimeout)
    SPI_WaitFlagStateUntilTimeout            0x08003da1   Thumb Code   204  stm32f7xx_hal_spi.o(.text.SPI_WaitFlagStateUntilTimeout)
    [Anonymous Symbol]                       0x08003da0   Section        0  stm32f7xx_hal_spi.o(.text.SPI_WaitFlagStateUntilTimeout)
    [Anonymous Symbol]                       0x08003e70   Section        0  stm32f7xx_it.o(.text.SVC_Handler)
    [Anonymous Symbol]                       0x08003e78   Section        0  step_motor.o(.text.Stepper_Control)
    [Anonymous Symbol]                       0x08004058   Section        0  step_motor.o(.text.Stepper_Init)
    [Anonymous Symbol]                       0x08004270   Section        0  step_motor.o(.text.Stepper_Start)
    [Anonymous Symbol]                       0x08004330   Section        0  step_motor.o(.text.Stepper_StateRst)
    [Anonymous Symbol]                       0x08004350   Section        0  stm32f7xx_it.o(.text.SysTick_Handler)
    [Anonymous Symbol]                       0x08004358   Section        0  main.o(.text.SystemClock_Config)
    [Anonymous Symbol]                       0x08004418   Section        0  system_stm32f7xx.o(.text.SystemInit)
    [Anonymous Symbol]                       0x08004430   Section        0  step_motor.o(.text.TB67S_Dir_fwd)
    [Anonymous Symbol]                       0x080044c8   Section        0  step_motor.o(.text.TB67S_Dir_rev)
    [Anonymous Symbol]                       0x08004560   Section        0  step_motor.o(.text.TB67S_Disable)
    [Anonymous Symbol]                       0x080045f0   Section        0  step_motor.o(.text.TB67S_Enable)
    [Anonymous Symbol]                       0x08004680   Section        0  step_motor.o(.text.TB67S_Reset)
    [Anonymous Symbol]                       0x08004890   Section        0  stm32f7xx_it.o(.text.TIM1_TRG_COM_TIM11_IRQHandler)
    [Anonymous Symbol]                       0x080048a0   Section        0  stm32f7xx_it.o(.text.TIM1_UP_TIM10_IRQHandler)
    [Anonymous Symbol]                       0x080048b0   Section        0  stm32f7xx_it.o(.text.TIM2_IRQHandler)
    [Anonymous Symbol]                       0x080048c0   Section        0  stm32f7xx_it.o(.text.TIM3_IRQHandler)
    [Anonymous Symbol]                       0x080048d0   Section        0  stm32f7xx_it.o(.text.TIM7_IRQHandler)
    [Anonymous Symbol]                       0x080048e0   Section        0  stm32f7xx_it.o(.text.TIM8_TRG_COM_TIM14_IRQHandler)
    [Anonymous Symbol]                       0x080048f0   Section        0  stm32f7xx_it.o(.text.TIM8_UP_TIM13_IRQHandler)
    [Anonymous Symbol]                       0x08004900   Section        0  stm32f7xx_hal_tim.o(.text.TIM_Base_SetConfig)
    [Anonymous Symbol]                       0x08004a40   Section        0  stm32f7xx_hal_uart.o(.text.UART_AdvFeatureConfig)
    UART_DMAAbortOnError                     0x08004b21   Thumb Code    16  stm32f7xx_hal_uart.o(.text.UART_DMAAbortOnError)
    [Anonymous Symbol]                       0x08004b20   Section        0  stm32f7xx_hal_uart.o(.text.UART_DMAAbortOnError)
    UART_RxISR_16BIT                         0x08004b31   Thumb Code   344  stm32f7xx_hal_uart.o(.text.UART_RxISR_16BIT)
    [Anonymous Symbol]                       0x08004b30   Section        0  stm32f7xx_hal_uart.o(.text.UART_RxISR_16BIT)
    UART_RxISR_8BIT                          0x08004c89   Thumb Code   348  stm32f7xx_hal_uart.o(.text.UART_RxISR_8BIT)
    [Anonymous Symbol]                       0x08004c88   Section        0  stm32f7xx_hal_uart.o(.text.UART_RxISR_8BIT)
    [Anonymous Symbol]                       0x08004de8   Section        0  stm32f7xx_hal_uart.o(.text.UART_SetConfig)
    [Anonymous Symbol]                       0x08005028   Section        0  stm32f7xx_hal_uart.o(.text.UART_Start_Receive_IT)
    [Anonymous Symbol]                       0x080051a0   Section        0  stm32f7xx_hal_uart.o(.text.UART_WaitOnFlagUntilTimeout)
    [Anonymous Symbol]                       0x080053c0   Section        0  stm32f7xx_it.o(.text.USART1_IRQHandler)
    [Anonymous Symbol]                       0x080053d0   Section        0  uart.o(.text.Uart_Init)
    [Anonymous Symbol]                       0x080053f0   Section        0  uart.o(.text.Uart_Read)
    [Anonymous Symbol]                       0x08005468   Section        0  stm32f7xx_it.o(.text.UsageFault_Handler)
    [Anonymous Symbol]                       0x08005470   Section        0  main.o(.text.main)
    [Anonymous Symbol]                       0x08005c98   Section        0  step_motor.o(.text.step)
    [Anonymous Symbol]                       0x08005e98   Section        0  analog.o(.text.vDAC_Write)
    i.__hardfp_sqrt                          0x08005f70   Section        0  sqrt.o(i.__hardfp_sqrt)
    $v0                                      0x08005fec   Number         0  d2f.o(x$fpl$d2f)
    x$fpl$d2f                                0x08005fec   Section       98  d2f.o(x$fpl$d2f)
    $v0                                      0x08006050   Number         0  daddsub_clz.o(x$fpl$dadd)
    x$fpl$dadd                               0x08006050   Section      336  daddsub_clz.o(x$fpl$dadd)
    _dadd1                                   0x08006061   Thumb Code     0  daddsub_clz.o(x$fpl$dadd)
    $v0                                      0x080061a0   Number         0  dcmpi.o(x$fpl$dcmpinf)
    x$fpl$dcmpinf                            0x080061a0   Section       24  dcmpi.o(x$fpl$dcmpinf)
    $v0                                      0x080061b8   Number         0  ddiv.o(x$fpl$ddiv)
    x$fpl$ddiv                               0x080061b8   Section      692  ddiv.o(x$fpl$ddiv)
    ddiv_entry                               0x080061bf   Thumb Code     0  ddiv.o(x$fpl$ddiv)
    $v0                                      0x0800646c   Number         0  deqf.o(x$fpl$deqf)
    x$fpl$deqf                               0x0800646c   Section      120  deqf.o(x$fpl$deqf)
    $v0                                      0x080064e4   Number         0  dfix.o(x$fpl$dfix)
    x$fpl$dfix                               0x080064e4   Section       94  dfix.o(x$fpl$dfix)
    $v0                                      0x08006544   Number         0  dfixu.o(x$fpl$dfixu)
    x$fpl$dfixu                              0x08006544   Section       90  dfixu.o(x$fpl$dfixu)
    $v0                                      0x0800659e   Number         0  dflt_clz.o(x$fpl$dflt)
    x$fpl$dflt                               0x0800659e   Section       46  dflt_clz.o(x$fpl$dflt)
    $v0                                      0x080065cc   Number         0  dgeqf.o(x$fpl$dgeqf)
    x$fpl$dgeqf                              0x080065cc   Section      120  dgeqf.o(x$fpl$dgeqf)
    $v0                                      0x08006644   Number         0  dleqf.o(x$fpl$dleqf)
    x$fpl$dleqf                              0x08006644   Section      120  dleqf.o(x$fpl$dleqf)
    $v0                                      0x080066bc   Number         0  dmul.o(x$fpl$dmul)
    x$fpl$dmul                               0x080066bc   Section      340  dmul.o(x$fpl$dmul)
    $v0                                      0x08006810   Number         0  dnaninf.o(x$fpl$dnaninf)
    x$fpl$dnaninf                            0x08006810   Section      156  dnaninf.o(x$fpl$dnaninf)
    $v0                                      0x080068ac   Number         0  dretinf.o(x$fpl$dretinf)
    x$fpl$dretinf                            0x080068ac   Section       12  dretinf.o(x$fpl$dretinf)
    $v0                                      0x080068b8   Number         0  dsqrt_umaal.o(x$fpl$dsqrt)
    x$fpl$dsqrt                              0x080068b8   Section      408  dsqrt_umaal.o(x$fpl$dsqrt)
    $v0                                      0x08006a50   Number         0  daddsub_clz.o(x$fpl$dsub)
    x$fpl$dsub                               0x08006a50   Section      476  daddsub_clz.o(x$fpl$dsub)
    _dsub1                                   0x08006a61   Thumb Code     0  daddsub_clz.o(x$fpl$dsub)
    $v0                                      0x08006c2c   Number         0  f2d.o(x$fpl$f2d)
    x$fpl$f2d                                0x08006c2c   Section       86  f2d.o(x$fpl$f2d)
    $v0                                      0x08006c82   Number         0  dcmp.o(x$fpl$fcmp)
    x$fpl$fcmp                               0x08006c82   Section       84  dcmp.o(x$fpl$fcmp)
    $v0                                      0x08006cd6   Number         0  fnaninf.o(x$fpl$fnaninf)
    x$fpl$fnaninf                            0x08006cd6   Section      140  fnaninf.o(x$fpl$fnaninf)
    $v0                                      0x08006d62   Number         0  fpinit.o(x$fpl$fpinit)
    x$fpl$fpinit                             0x08006d62   Section       26  fpinit.o(x$fpl$fpinit)
    $v0                                      0x08006d7c   Number         0  fretinf.o(x$fpl$fretinf)
    x$fpl$fretinf                            0x08006d7c   Section       10  fretinf.o(x$fpl$fretinf)
    x$fpl$usenofp                            0x08006d86   Section        0  usenofp.o(x$fpl$usenofp)
    .Lswitch.table.UART_SetConfig.5          0x08006da0   Data          16  stm32f7xx_hal_uart.o(.rodata.cst16)
    .Lswitch.table.UART_SetConfig.7          0x08006db0   Data          16  stm32f7xx_hal_uart.o(.rodata.cst16)
    .L_MergedGlobals                         0x20000000   Data           8  stm32f7xx_hal.o(.data..L_MergedGlobals)
    [Anonymous Symbol]                       0x20000000   Section        0  stm32f7xx_hal.o(.data..L_MergedGlobals)
    .bss                                     0x20000010   Section       96  libspace.o(.bss)
    .L_MergedGlobals                         0x20000070   Data          96  main.o(.bss..L_MergedGlobals)
    [Anonymous Symbol]                       0x20000070   Section        0  main.o(.bss..L_MergedGlobals)
    Heap_Mem                                 0x20000870   Data         512  startup_stm32f746xx.o(HEAP)
    HEAP                                     0x20000870   Section      512  startup_stm32f746xx.o(HEAP)
    Stack_Mem                                0x20000a70   Data        1024  startup_stm32f746xx.o(STACK)
    STACK                                    0x20000a70   Section     1024  startup_stm32f746xx.o(STACK)
    __initial_sp                             0x20000e70   Data           0  startup_stm32f746xx.o(STACK)

    Global Symbols

    Symbol Name                              Value     Ov Type        Size  Object(Section)

    BuildAttributes$$THM_ISAv4$E$P$D$K$B$S$7EM$VFPi5$EXTD16$VFPS$VFMA$PE$PLD8$A:L22UL41UL21$X:L11$S22US41US21$IEEE1$IW$~IW$USESV6$~STKCKD$USESV7$~SHL$OTIME$ROPI$IEEEX$EBA8$UX$STANDARDLIB$REQ8$PRES8$EABIv2 0x00000000   Number         0  anon$$obj.o ABSOLUTE
    __ARM_exceptions_init                     - Undefined Weak Reference
    __alloca_initialize                       - Undefined Weak Reference
    __arm_preinit_                            - Undefined Weak Reference
    __arm_relocate_pie_                       - Undefined Weak Reference
    __cpp_initialize__aeabi_                  - Undefined Weak Reference
    __cxa_finalize                            - Undefined Weak Reference
    __rt_locale                               - Undefined Weak Reference
    __sigvec_lookup                           - Undefined Weak Reference
    _atexit_init                              - Undefined Weak Reference
    _call_atexit_fns                          - Undefined Weak Reference
    _clock_init                               - Undefined Weak Reference
    _fp_trap_init                             - Undefined Weak Reference
    _fp_trap_shutdown                         - Undefined Weak Reference
    _get_lc_collate                           - Undefined Weak Reference
    _get_lc_ctype                             - Undefined Weak Reference
    _get_lc_monetary                          - Undefined Weak Reference
    _get_lc_numeric                           - Undefined Weak Reference
    _get_lc_time                              - Undefined Weak Reference
    _getenv_init                              - Undefined Weak Reference
    _handle_redirection                       - Undefined Weak Reference
    _init_alloc                               - Undefined Weak Reference
    _init_user_alloc                          - Undefined Weak Reference
    _initio                                   - Undefined Weak Reference
    _rand_init                                - Undefined Weak Reference
    _signal_finish                            - Undefined Weak Reference
    _signal_init                              - Undefined Weak Reference
    _terminate_alloc                          - Undefined Weak Reference
    _terminate_user_alloc                     - Undefined Weak Reference
    _terminateio                              - Undefined Weak Reference
    __Vectors_Size                           0x000001c8   Number         0  startup_stm32f746xx.o ABSOLUTE
    __Vectors                                0x08000000   Data           4  startup_stm32f746xx.o(RESET)
    __Vectors_End                            0x080001c8   Data           0  startup_stm32f746xx.o(RESET)
    __main                                   0x080001c9   Thumb Code     8  __main.o(!!!main)
    __scatterload                            0x080001d1   Thumb Code     0  __scatter.o(!!!scatter)
    __scatterload_rt2                        0x080001d1   Thumb Code    44  __scatter.o(!!!scatter)
    __scatterload_rt2_thumb_only             0x080001d1   Thumb Code     0  __scatter.o(!!!scatter)
    __scatterload_null                       0x080001df   Thumb Code     0  __scatter.o(!!!scatter)
    __scatterload_copy                       0x08000205   Thumb Code    26  __scatter_copy.o(!!handler_copy)
    __scatterload_zeroinit                   0x08000221   Thumb Code    28  __scatter_zi.o(!!handler_zi)
    __rt_lib_init                            0x0800023d   Thumb Code     0  libinit.o(.ARM.Collect$$libinit$$00000000)
    __rt_lib_init_fp_1                       0x0800023f   Thumb Code     0  libinit2.o(.ARM.Collect$$libinit$$00000001)
    __rt_lib_init_alloca_1                   0x08000243   Thumb Code     0  libinit2.o(.ARM.Collect$$libinit$$00000030)
    __rt_lib_init_argv_1                     0x08000243   Thumb Code     0  libinit2.o(.ARM.Collect$$libinit$$0000002E)
    __rt_lib_init_atexit_1                   0x08000243   Thumb Code     0  libinit2.o(.ARM.Collect$$libinit$$0000001D)
    __rt_lib_init_clock_1                    0x08000243   Thumb Code     0  libinit2.o(.ARM.Collect$$libinit$$00000023)
    __rt_lib_init_cpp_1                      0x08000243   Thumb Code     0  libinit2.o(.ARM.Collect$$libinit$$00000034)
    __rt_lib_init_exceptions_1               0x08000243   Thumb Code     0  libinit2.o(.ARM.Collect$$libinit$$00000032)
    __rt_lib_init_fp_trap_1                  0x08000243   Thumb Code     0  libinit2.o(.ARM.Collect$$libinit$$00000021)
    __rt_lib_init_getenv_1                   0x08000243   Thumb Code     0  libinit2.o(.ARM.Collect$$libinit$$00000025)
    __rt_lib_init_heap_1                     0x08000243   Thumb Code     0  libinit2.o(.ARM.Collect$$libinit$$0000000C)
    __rt_lib_init_lc_collate_1               0x08000243   Thumb Code     0  libinit2.o(.ARM.Collect$$libinit$$00000013)
    __rt_lib_init_lc_ctype_1                 0x08000243   Thumb Code     0  libinit2.o(.ARM.Collect$$libinit$$00000015)
    __rt_lib_init_lc_monetary_1              0x08000243   Thumb Code     0  libinit2.o(.ARM.Collect$$libinit$$00000017)
    __rt_lib_init_lc_numeric_1               0x08000243   Thumb Code     0  libinit2.o(.ARM.Collect$$libinit$$00000019)
    __rt_lib_init_lc_time_1                  0x08000243   Thumb Code     0  libinit2.o(.ARM.Collect$$libinit$$0000001B)
    __rt_lib_init_preinit_1                  0x08000243   Thumb Code     0  libinit2.o(.ARM.Collect$$libinit$$00000006)
    __rt_lib_init_rand_1                     0x08000243   Thumb Code     0  libinit2.o(.ARM.Collect$$libinit$$00000010)
    __rt_lib_init_relocate_pie_1             0x08000243   Thumb Code     0  libinit2.o(.ARM.Collect$$libinit$$00000004)
    __rt_lib_init_return                     0x08000243   Thumb Code     0  libinit2.o(.ARM.Collect$$libinit$$00000035)
    __rt_lib_init_signal_1                   0x08000243   Thumb Code     0  libinit2.o(.ARM.Collect$$libinit$$0000001F)
    __rt_lib_init_stdio_1                    0x08000243   Thumb Code     0  libinit2.o(.ARM.Collect$$libinit$$00000027)
    __rt_lib_init_user_alloc_1               0x08000243   Thumb Code     0  libinit2.o(.ARM.Collect$$libinit$$0000000E)
    __rt_lib_shutdown                        0x08000245   Thumb Code     0  libshutdown.o(.ARM.Collect$$libshutdown$$00000000)
    __rt_lib_shutdown_cpp_1                  0x08000247   Thumb Code     0  libshutdown2.o(.ARM.Collect$$libshutdown$$00000002)
    __rt_lib_shutdown_fp_trap_1              0x08000247   Thumb Code     0  libshutdown2.o(.ARM.Collect$$libshutdown$$00000007)
    __rt_lib_shutdown_heap_1                 0x08000247   Thumb Code     0  libshutdown2.o(.ARM.Collect$$libshutdown$$0000000F)
    __rt_lib_shutdown_return                 0x08000247   Thumb Code     0  libshutdown2.o(.ARM.Collect$$libshutdown$$00000010)
    __rt_lib_shutdown_signal_1               0x08000247   Thumb Code     0  libshutdown2.o(.ARM.Collect$$libshutdown$$0000000A)
    __rt_lib_shutdown_stdio_1                0x08000247   Thumb Code     0  libshutdown2.o(.ARM.Collect$$libshutdown$$00000004)
    __rt_lib_shutdown_user_alloc_1           0x08000247   Thumb Code     0  libshutdown2.o(.ARM.Collect$$libshutdown$$0000000C)
    __rt_entry                               0x08000249   Thumb Code     0  __rtentry.o(.ARM.Collect$$rtentry$$00000000)
    __rt_entry_presh_1                       0x08000249   Thumb Code     0  __rtentry2.o(.ARM.Collect$$rtentry$$00000002)
    __rt_entry_sh                            0x08000249   Thumb Code     0  __rtentry4.o(.ARM.Collect$$rtentry$$00000004)
    __rt_entry_li                            0x0800024f   Thumb Code     0  __rtentry2.o(.ARM.Collect$$rtentry$$0000000A)
    __rt_entry_postsh_1                      0x0800024f   Thumb Code     0  __rtentry2.o(.ARM.Collect$$rtentry$$00000009)
    __rt_entry_main                          0x08000253   Thumb Code     0  __rtentry2.o(.ARM.Collect$$rtentry$$0000000D)
    __rt_entry_postli_1                      0x08000253   Thumb Code     0  __rtentry2.o(.ARM.Collect$$rtentry$$0000000C)
    __rt_exit                                0x0800025b   Thumb Code     0  rtexit.o(.ARM.Collect$$rtexit$$00000000)
    __rt_exit_ls                             0x0800025d   Thumb Code     0  rtexit2.o(.ARM.Collect$$rtexit$$00000003)
    __rt_exit_prels_1                        0x0800025d   Thumb Code     0  rtexit2.o(.ARM.Collect$$rtexit$$00000002)
    __rt_exit_exit                           0x08000261   Thumb Code     0  rtexit2.o(.ARM.Collect$$rtexit$$00000004)
    Reset_Handler                            0x08000269   Thumb Code     8  startup_stm32f746xx.o(.text)
    ADC_IRQHandler                           0x08000283   Thumb Code     0  startup_stm32f746xx.o(.text)
    CAN1_RX0_IRQHandler                      0x08000283   Thumb Code     0  startup_stm32f746xx.o(.text)
    CAN1_RX1_IRQHandler                      0x08000283   Thumb Code     0  startup_stm32f746xx.o(.text)
    CAN1_SCE_IRQHandler                      0x08000283   Thumb Code     0  startup_stm32f746xx.o(.text)
    CAN1_TX_IRQHandler                       0x08000283   Thumb Code     0  startup_stm32f746xx.o(.text)
    CAN2_RX0_IRQHandler                      0x08000283   Thumb Code     0  startup_stm32f746xx.o(.text)
    CAN2_RX1_IRQHandler                      0x08000283   Thumb Code     0  startup_stm32f746xx.o(.text)
    CAN2_SCE_IRQHandler                      0x08000283   Thumb Code     0  startup_stm32f746xx.o(.text)
    CAN2_TX_IRQHandler                       0x08000283   Thumb Code     0  startup_stm32f746xx.o(.text)
    CEC_IRQHandler                           0x08000283   Thumb Code     0  startup_stm32f746xx.o(.text)
    DCMI_IRQHandler                          0x08000283   Thumb Code     0  startup_stm32f746xx.o(.text)
    DMA1_Stream0_IRQHandler                  0x08000283   Thumb Code     0  startup_stm32f746xx.o(.text)
    DMA1_Stream1_IRQHandler                  0x08000283   Thumb Code     0  startup_stm32f746xx.o(.text)
    DMA1_Stream2_IRQHandler                  0x08000283   Thumb Code     0  startup_stm32f746xx.o(.text)
    DMA1_Stream3_IRQHandler                  0x08000283   Thumb Code     0  startup_stm32f746xx.o(.text)
    DMA1_Stream4_IRQHandler                  0x08000283   Thumb Code     0  startup_stm32f746xx.o(.text)
    DMA1_Stream5_IRQHandler                  0x08000283   Thumb Code     0  startup_stm32f746xx.o(.text)
    DMA1_Stream6_IRQHandler                  0x08000283   Thumb Code     0  startup_stm32f746xx.o(.text)
    DMA1_Stream7_IRQHandler                  0x08000283   Thumb Code     0  startup_stm32f746xx.o(.text)
    DMA2D_IRQHandler                         0x08000283   Thumb Code     0  startup_stm32f746xx.o(.text)
    DMA2_Stream0_IRQHandler                  0x08000283   Thumb Code     0  startup_stm32f746xx.o(.text)
    DMA2_Stream1_IRQHandler                  0x08000283   Thumb Code     0  startup_stm32f746xx.o(.text)
    DMA2_Stream2_IRQHandler                  0x08000283   Thumb Code     0  startup_stm32f746xx.o(.text)
    DMA2_Stream3_IRQHandler                  0x08000283   Thumb Code     0  startup_stm32f746xx.o(.text)
    DMA2_Stream4_IRQHandler                  0x08000283   Thumb Code     0  startup_stm32f746xx.o(.text)
    DMA2_Stream5_IRQHandler                  0x08000283   Thumb Code     0  startup_stm32f746xx.o(.text)
    DMA2_Stream6_IRQHandler                  0x08000283   Thumb Code     0  startup_stm32f746xx.o(.text)
    DMA2_Stream7_IRQHandler                  0x08000283   Thumb Code     0  startup_stm32f746xx.o(.text)
    ETH_IRQHandler                           0x08000283   Thumb Code     0  startup_stm32f746xx.o(.text)
    ETH_WKUP_IRQHandler                      0x08000283   Thumb Code     0  startup_stm32f746xx.o(.text)
    EXTI0_IRQHandler                         0x08000283   Thumb Code     0  startup_stm32f746xx.o(.text)
    EXTI15_10_IRQHandler                     0x08000283   Thumb Code     0  startup_stm32f746xx.o(.text)
    EXTI1_IRQHandler                         0x08000283   Thumb Code     0  startup_stm32f746xx.o(.text)
    EXTI2_IRQHandler                         0x08000283   Thumb Code     0  startup_stm32f746xx.o(.text)
    EXTI3_IRQHandler                         0x08000283   Thumb Code     0  startup_stm32f746xx.o(.text)
    EXTI4_IRQHandler                         0x08000283   Thumb Code     0  startup_stm32f746xx.o(.text)
    EXTI9_5_IRQHandler                       0x08000283   Thumb Code     0  startup_stm32f746xx.o(.text)
    FLASH_IRQHandler                         0x08000283   Thumb Code     0  startup_stm32f746xx.o(.text)
    FMC_IRQHandler                           0x08000283   Thumb Code     0  startup_stm32f746xx.o(.text)
    FPU_IRQHandler                           0x08000283   Thumb Code     0  startup_stm32f746xx.o(.text)
    I2C1_ER_IRQHandler                       0x08000283   Thumb Code     0  startup_stm32f746xx.o(.text)
    I2C1_EV_IRQHandler                       0x08000283   Thumb Code     0  startup_stm32f746xx.o(.text)
    I2C2_ER_IRQHandler                       0x08000283   Thumb Code     0  startup_stm32f746xx.o(.text)
    I2C2_EV_IRQHandler                       0x08000283   Thumb Code     0  startup_stm32f746xx.o(.text)
    I2C3_ER_IRQHandler                       0x08000283   Thumb Code     0  startup_stm32f746xx.o(.text)
    I2C3_EV_IRQHandler                       0x08000283   Thumb Code     0  startup_stm32f746xx.o(.text)
    I2C4_ER_IRQHandler                       0x08000283   Thumb Code     0  startup_stm32f746xx.o(.text)
    I2C4_EV_IRQHandler                       0x08000283   Thumb Code     0  startup_stm32f746xx.o(.text)
    LPTIM1_IRQHandler                        0x08000283   Thumb Code     0  startup_stm32f746xx.o(.text)
    LTDC_ER_IRQHandler                       0x08000283   Thumb Code     0  startup_stm32f746xx.o(.text)
    LTDC_IRQHandler                          0x08000283   Thumb Code     0  startup_stm32f746xx.o(.text)
    OTG_FS_IRQHandler                        0x08000283   Thumb Code     0  startup_stm32f746xx.o(.text)
    OTG_FS_WKUP_IRQHandler                   0x08000283   Thumb Code     0  startup_stm32f746xx.o(.text)
    OTG_HS_EP1_IN_IRQHandler                 0x08000283   Thumb Code     0  startup_stm32f746xx.o(.text)
    OTG_HS_EP1_OUT_IRQHandler                0x08000283   Thumb Code     0  startup_stm32f746xx.o(.text)
    OTG_HS_IRQHandler                        0x08000283   Thumb Code     0  startup_stm32f746xx.o(.text)
    OTG_HS_WKUP_IRQHandler                   0x08000283   Thumb Code     0  startup_stm32f746xx.o(.text)
    PVD_IRQHandler                           0x08000283   Thumb Code     0  startup_stm32f746xx.o(.text)
    QUADSPI_IRQHandler                       0x08000283   Thumb Code     0  startup_stm32f746xx.o(.text)
    RCC_IRQHandler                           0x08000283   Thumb Code     0  startup_stm32f746xx.o(.text)
    RNG_IRQHandler                           0x08000283   Thumb Code     0  startup_stm32f746xx.o(.text)
    RTC_Alarm_IRQHandler                     0x08000283   Thumb Code     0  startup_stm32f746xx.o(.text)
    RTC_WKUP_IRQHandler                      0x08000283   Thumb Code     0  startup_stm32f746xx.o(.text)
    SAI1_IRQHandler                          0x08000283   Thumb Code     0  startup_stm32f746xx.o(.text)
    SAI2_IRQHandler                          0x08000283   Thumb Code     0  startup_stm32f746xx.o(.text)
    SDMMC1_IRQHandler                        0x08000283   Thumb Code     0  startup_stm32f746xx.o(.text)
    SPDIF_RX_IRQHandler                      0x08000283   Thumb Code     0  startup_stm32f746xx.o(.text)
    SPI1_IRQHandler                          0x08000283   Thumb Code     0  startup_stm32f746xx.o(.text)
    SPI2_IRQHandler                          0x08000283   Thumb Code     0  startup_stm32f746xx.o(.text)
    SPI3_IRQHandler                          0x08000283   Thumb Code     0  startup_stm32f746xx.o(.text)
    SPI4_IRQHandler                          0x08000283   Thumb Code     0  startup_stm32f746xx.o(.text)
    SPI5_IRQHandler                          0x08000283   Thumb Code     0  startup_stm32f746xx.o(.text)
    SPI6_IRQHandler                          0x08000283   Thumb Code     0  startup_stm32f746xx.o(.text)
    TAMP_STAMP_IRQHandler                    0x08000283   Thumb Code     0  startup_stm32f746xx.o(.text)
    TIM1_BRK_TIM9_IRQHandler                 0x08000283   Thumb Code     0  startup_stm32f746xx.o(.text)
    TIM1_CC_IRQHandler                       0x08000283   Thumb Code     0  startup_stm32f746xx.o(.text)
    TIM4_IRQHandler                          0x08000283   Thumb Code     0  startup_stm32f746xx.o(.text)
    TIM5_IRQHandler                          0x08000283   Thumb Code     0  startup_stm32f746xx.o(.text)
    TIM6_DAC_IRQHandler                      0x08000283   Thumb Code     0  startup_stm32f746xx.o(.text)
    TIM8_BRK_TIM12_IRQHandler                0x08000283   Thumb Code     0  startup_stm32f746xx.o(.text)
    TIM8_CC_IRQHandler                       0x08000283   Thumb Code     0  startup_stm32f746xx.o(.text)
    UART4_IRQHandler                         0x08000283   Thumb Code     0  startup_stm32f746xx.o(.text)
    UART5_IRQHandler                         0x08000283   Thumb Code     0  startup_stm32f746xx.o(.text)
    UART7_IRQHandler                         0x08000283   Thumb Code     0  startup_stm32f746xx.o(.text)
    UART8_IRQHandler                         0x08000283   Thumb Code     0  startup_stm32f746xx.o(.text)
    USART2_IRQHandler                        0x08000283   Thumb Code     0  startup_stm32f746xx.o(.text)
    USART3_IRQHandler                        0x08000283   Thumb Code     0  startup_stm32f746xx.o(.text)
    USART6_IRQHandler                        0x08000283   Thumb Code     0  startup_stm32f746xx.o(.text)
    WWDG_IRQHandler                          0x08000283   Thumb Code     0  startup_stm32f746xx.o(.text)
    __user_initial_stackheap                 0x08000285   Thumb Code     0  startup_stm32f746xx.o(.text)
    __aeabi_uldivmod                         0x080002a9   Thumb Code     0  lludivv7m.o(.text)
    _ll_udiv                                 0x080002a9   Thumb Code   240  lludivv7m.o(.text)
    __aeabi_memclr4                          0x08000399   Thumb Code     0  rt_memclr_w.o(.text)
    __aeabi_memclr8                          0x08000399   Thumb Code     0  rt_memclr_w.o(.text)
    __rt_memclr_w                            0x08000399   Thumb Code     0  rt_memclr_w.o(.text)
    _memset_w                                0x0800039d   Thumb Code    74  rt_memclr_w.o(.text)
    __use_two_region_memory                  0x080003e7   Thumb Code     2  heapauxi.o(.text)
    __rt_heap_escrow$2region                 0x080003e9   Thumb Code     2  heapauxi.o(.text)
    __rt_heap_expand$2region                 0x080003eb   Thumb Code     2  heapauxi.o(.text)
    __read_errno                             0x080003ed   Thumb Code    10  _rserrno.o(.text)
    __set_errno                              0x080003f7   Thumb Code    12  _rserrno.o(.text)
    __aeabi_errno_addr                       0x08000405   Thumb Code     8  rt_errno_addr_intlibspace.o(.text)
    __errno$intlibspace                      0x08000405   Thumb Code     0  rt_errno_addr_intlibspace.o(.text)
    __rt_errno_addr$intlibspace              0x08000405   Thumb Code     0  rt_errno_addr_intlibspace.o(.text)
    __user_libspace                          0x0800040d   Thumb Code     8  libspace.o(.text)
    __user_perproc_libspace                  0x0800040d   Thumb Code     0  libspace.o(.text)
    __user_perthread_libspace                0x0800040d   Thumb Code     0  libspace.o(.text)
    __user_setup_stackheap                   0x08000415   Thumb Code    74  sys_stackheap_outer.o(.text)
    exit                                     0x0800045f   Thumb Code    18  exit.o(.text)
    _sys_exit                                0x08000471   Thumb Code     8  sys_exit.o(.text)
    __I$use$semihosting                      0x0800047d   Thumb Code     0  use_no_semi.o(.text)
    __use_no_semihosting_swi                 0x0800047d   Thumb Code     2  use_no_semi.o(.text)
    __semihosting_library_function           0x0800047f   Thumb Code     0  indicate_semi.o(.text)
    BusFault_Handler                         0x08000481   Thumb Code     2  stm32f7xx_it.o(.text.BusFault_Handler)
    DebugMon_Handler                         0x08000489   Thumb Code     2  stm32f7xx_it.o(.text.DebugMon_Handler)
    Error_Handler                            0x08000491   Thumb Code    10  main.o(.text.Error_Handler)
    HAL_DAC_ConfigChannel                    0x080004a1   Thumb Code    72  stm32f7xx_hal_dac.o(.text.HAL_DAC_ConfigChannel)
    HAL_DAC_Init                             0x080004e9   Thumb Code    40  stm32f7xx_hal_dac.o(.text.HAL_DAC_Init)
    HAL_DAC_MspInit                          0x08000511   Thumb Code    96  stm32f7xx_hal_msp.o(.text.HAL_DAC_MspInit)
    HAL_DAC_SetValue                         0x08000571   Thumb Code    42  stm32f7xx_hal_dac.o(.text.HAL_DAC_SetValue)
    HAL_DAC_Start                            0x080005a1   Thumb Code    88  stm32f7xx_hal_dac.o(.text.HAL_DAC_Start)
    HAL_DMA_Abort                            0x080005f9   Thumb Code   142  stm32f7xx_hal_dma.o(.text.HAL_DMA_Abort)
    HAL_DMA_Abort_IT                         0x08000689   Thumb Code    36  stm32f7xx_hal_dma.o(.text.HAL_DMA_Abort_IT)
    HAL_GPIO_Init                            0x080006b1   Thumb Code   422  stm32f7xx_hal_gpio.o(.text.HAL_GPIO_Init)
    HAL_GPIO_WritePin                        0x08000859   Thumb Code    10  stm32f7xx_hal_gpio.o(.text.HAL_GPIO_WritePin)
    HAL_GetTick                              0x08000869   Thumb Code    12  stm32f7xx_hal.o(.text.HAL_GetTick)
    HAL_IncTick                              0x08000879   Thumb Code    26  stm32f7xx_hal.o(.text.HAL_IncTick)
    HAL_Init                                 0x08000899   Thumb Code    22  stm32f7xx_hal.o(.text.HAL_Init)
    HAL_InitTick                             0x080008b1   Thumb Code    72  stm32f7xx_hal.o(.text.HAL_InitTick)
    HAL_MspInit                              0x080008f9   Thumb Code    50  stm32f7xx_hal_msp.o(.text.HAL_MspInit)
    HAL_NVIC_EnableIRQ                       0x08000931   Thumb Code    38  stm32f7xx_hal_cortex.o(.text.HAL_NVIC_EnableIRQ)
    HAL_NVIC_SetPriority                     0x08000959   Thumb Code    90  stm32f7xx_hal_cortex.o(.text.HAL_NVIC_SetPriority)
    HAL_NVIC_SetPriorityGrouping             0x080009b9   Thumb Code    32  stm32f7xx_hal_cortex.o(.text.HAL_NVIC_SetPriorityGrouping)
    HAL_PWREx_EnableOverDrive                0x080009d9   Thumb Code   118  stm32f7xx_hal_pwr_ex.o(.text.HAL_PWREx_EnableOverDrive)
    HAL_RCCEx_PeriphCLKConfig                0x08000a51   Thumb Code  1394  stm32f7xx_hal_rcc_ex.o(.text.HAL_RCCEx_PeriphCLKConfig)
    HAL_RCC_ClockConfig                      0x08000fc9   Thumb Code   490  stm32f7xx_hal_rcc.o(.text.HAL_RCC_ClockConfig)
    HAL_RCC_GetPCLK1Freq                     0x080011b9   Thumb Code    38  stm32f7xx_hal_rcc.o(.text.HAL_RCC_GetPCLK1Freq)
    HAL_RCC_GetPCLK2Freq                     0x080011e1   Thumb Code    38  stm32f7xx_hal_rcc.o(.text.HAL_RCC_GetPCLK2Freq)
    HAL_RCC_GetSysClockFreq                  0x08001209   Thumb Code   110  stm32f7xx_hal_rcc.o(.text.HAL_RCC_GetSysClockFreq)
    HAL_RCC_OscConfig                        0x08001279   Thumb Code   908  stm32f7xx_hal_rcc.o(.text.HAL_RCC_OscConfig)
    HAL_SPI_Init                             0x08001609   Thumb Code   224  stm32f7xx_hal_spi.o(.text.HAL_SPI_Init)
    HAL_SPI_MspInit                          0x080016e9   Thumb Code   188  stm32f7xx_hal_msp.o(.text.HAL_SPI_MspInit)
    HAL_SPI_Transmit                         0x080017a9   Thumb Code   544  stm32f7xx_hal_spi.o(.text.HAL_SPI_Transmit)
    HAL_SYSTICK_Config                       0x080019c9   Thumb Code    46  stm32f7xx_hal_cortex.o(.text.HAL_SYSTICK_Config)
    HAL_TIMEx_Break2Callback                 0x080019f9   Thumb Code     2  stm32f7xx_hal_tim_ex.o(.text.HAL_TIMEx_Break2Callback)
    HAL_TIMEx_BreakCallback                  0x08001a01   Thumb Code     2  stm32f7xx_hal_tim_ex.o(.text.HAL_TIMEx_BreakCallback)
    HAL_TIMEx_CommutCallback                 0x08001a09   Thumb Code     2  stm32f7xx_hal_tim_ex.o(.text.HAL_TIMEx_CommutCallback)
    HAL_TIMEx_MasterConfigSynchronization    0x08001a11   Thumb Code   202  stm32f7xx_hal_tim_ex.o(.text.HAL_TIMEx_MasterConfigSynchronization)
    HAL_TIM_Base_Init                        0x08001ae1   Thumb Code    96  stm32f7xx_hal_tim.o(.text.HAL_TIM_Base_Init)
    HAL_TIM_Base_MspInit                     0x08001b41   Thumb Code   508  stm32f7xx_hal_msp.o(.text.HAL_TIM_Base_MspInit)
    HAL_TIM_Base_Start                       0x08001d41   Thumb Code   172  stm32f7xx_hal_tim.o(.text.HAL_TIM_Base_Start)
    HAL_TIM_Base_Start_IT                    0x08001df1   Thumb Code   180  stm32f7xx_hal_tim.o(.text.HAL_TIM_Base_Start_IT)
    HAL_TIM_ConfigClockSource                0x08001ea9   Thumb Code   412  stm32f7xx_hal_tim.o(.text.HAL_TIM_ConfigClockSource)
    HAL_TIM_IC_CaptureCallback               0x08002049   Thumb Code     2  stm32f7xx_hal_tim.o(.text.HAL_TIM_IC_CaptureCallback)
    HAL_TIM_IRQHandler                       0x08002051   Thumb Code   396  stm32f7xx_hal_tim.o(.text.HAL_TIM_IRQHandler)
    HAL_TIM_MspPostInit                      0x080021e1   Thumb Code    80  stm32f7xx_hal_msp.o(.text.HAL_TIM_MspPostInit)
    HAL_TIM_OC_DelayElapsedCallback          0x08002231   Thumb Code     2  stm32f7xx_hal_tim.o(.text.HAL_TIM_OC_DelayElapsedCallback)
    HAL_TIM_PWM_ConfigChannel                0x08002239   Thumb Code   802  stm32f7xx_hal_tim.o(.text.HAL_TIM_PWM_ConfigChannel)
    HAL_TIM_PWM_Init                         0x08002561   Thumb Code    96  stm32f7xx_hal_tim.o(.text.HAL_TIM_PWM_Init)
    HAL_TIM_PWM_MspInit                      0x080025c1   Thumb Code     2  stm32f7xx_hal_tim.o(.text.HAL_TIM_PWM_MspInit)
    HAL_TIM_PWM_PulseFinishedCallback        0x080025c9   Thumb Code     2  stm32f7xx_hal_tim.o(.text.HAL_TIM_PWM_PulseFinishedCallback)
    HAL_TIM_PWM_Start                        0x080025d1   Thumb Code   368  stm32f7xx_hal_tim.o(.text.HAL_TIM_PWM_Start)
    HAL_TIM_PeriodElapsedCallback            0x08002741   Thumb Code   242  main.o(.text.HAL_TIM_PeriodElapsedCallback)
    HAL_TIM_TriggerCallback                  0x08002839   Thumb Code     2  stm32f7xx_hal_tim.o(.text.HAL_TIM_TriggerCallback)
    HAL_UARTEx_RxEventCallback               0x08002841   Thumb Code     2  stm32f7xx_hal_uart.o(.text.HAL_UARTEx_RxEventCallback)
    HAL_UART_ErrorCallback                   0x08002849   Thumb Code     2  stm32f7xx_hal_uart.o(.text.HAL_UART_ErrorCallback)
    HAL_UART_IRQHandler                      0x08002851   Thumb Code  1532  stm32f7xx_hal_uart.o(.text.HAL_UART_IRQHandler)
    HAL_UART_Init                            0x08002e51   Thumb Code   162  stm32f7xx_hal_uart.o(.text.HAL_UART_Init)
    HAL_UART_MspInit                         0x08002ef9   Thumb Code   146  stm32f7xx_hal_msp.o(.text.HAL_UART_MspInit)
    HAL_UART_Receive_IT                      0x08002f91   Thumb Code   152  stm32f7xx_hal_uart.o(.text.HAL_UART_Receive_IT)
    HAL_UART_RxCpltCallback                  0x08003029   Thumb Code   200  main.o(.text.HAL_UART_RxCpltCallback)
    HAL_UART_TxCpltCallback                  0x080030f1   Thumb Code     2  stm32f7xx_hal_uart.o(.text.HAL_UART_TxCpltCallback)
    HardFault_Handler                        0x080030f9   Thumb Code     2  stm32f7xx_it.o(.text.HardFault_Handler)
    MCP4822_SP                               0x08003101   Thumb Code   296  mcp4822.o(.text.MCP4822_SP)
    MemManage_Handler                        0x08003229   Thumb Code     2  stm32f7xx_it.o(.text.MemManage_Handler)
    MotionProfile_Set                        0x08003231   Thumb Code   516  step_motor.o(.text.MotionProfile_Set)
    MotionVar_Prepare                        0x08003439   Thumb Code   128  step_motor.o(.text.MotionVar_Prepare)
    Motor_run                                0x080034b9   Thumb Code  1504  step_motor.o(.text.Motor_run)
    NMI_Handler                              0x08003a99   Thumb Code     2  stm32f7xx_it.o(.text.NMI_Handler)
    PendSV_Handler                           0x08003aa1   Thumb Code     2  stm32f7xx_it.o(.text.PendSV_Handler)
    Robot_Init                               0x08003aa9   Thumb Code   168  invert_kinematic.o(.text.Robot_Init)
    SVC_Handler                              0x08003e71   Thumb Code     2  stm32f7xx_it.o(.text.SVC_Handler)
    Stepper_Control                          0x08003e79   Thumb Code   476  step_motor.o(.text.Stepper_Control)
    Stepper_Init                             0x08004059   Thumb Code   536  step_motor.o(.text.Stepper_Init)
    Stepper_Start                            0x08004271   Thumb Code   192  step_motor.o(.text.Stepper_Start)
    Stepper_StateRst                         0x08004331   Thumb Code    32  step_motor.o(.text.Stepper_StateRst)
    SysTick_Handler                          0x08004351   Thumb Code     4  stm32f7xx_it.o(.text.SysTick_Handler)
    SystemClock_Config                       0x08004359   Thumb Code   188  main.o(.text.SystemClock_Config)
    SystemInit                               0x08004419   Thumb Code    18  system_stm32f7xx.o(.text.SystemInit)
    TB67S_Dir_fwd                            0x08004431   Thumb Code   146  step_motor.o(.text.TB67S_Dir_fwd)
    TB67S_Dir_rev                            0x080044c9   Thumb Code   146  step_motor.o(.text.TB67S_Dir_rev)
    TB67S_Disable                            0x08004561   Thumb Code   144  step_motor.o(.text.TB67S_Disable)
    TB67S_Enable                             0x080045f1   Thumb Code   144  step_motor.o(.text.TB67S_Enable)
    TB67S_Reset                              0x08004681   Thumb Code   526  step_motor.o(.text.TB67S_Reset)
    TIM1_TRG_COM_TIM11_IRQHandler            0x08004891   Thumb Code    12  stm32f7xx_it.o(.text.TIM1_TRG_COM_TIM11_IRQHandler)
    TIM1_UP_TIM10_IRQHandler                 0x080048a1   Thumb Code    12  stm32f7xx_it.o(.text.TIM1_UP_TIM10_IRQHandler)
    TIM2_IRQHandler                          0x080048b1   Thumb Code    12  stm32f7xx_it.o(.text.TIM2_IRQHandler)
    TIM3_IRQHandler                          0x080048c1   Thumb Code    12  stm32f7xx_it.o(.text.TIM3_IRQHandler)
    TIM7_IRQHandler                          0x080048d1   Thumb Code    12  stm32f7xx_it.o(.text.TIM7_IRQHandler)
    TIM8_TRG_COM_TIM14_IRQHandler            0x080048e1   Thumb Code    12  stm32f7xx_it.o(.text.TIM8_TRG_COM_TIM14_IRQHandler)
    TIM8_UP_TIM13_IRQHandler                 0x080048f1   Thumb Code    12  stm32f7xx_it.o(.text.TIM8_UP_TIM13_IRQHandler)
    TIM_Base_SetConfig                       0x08004901   Thumb Code   316  stm32f7xx_hal_tim.o(.text.TIM_Base_SetConfig)
    UART_AdvFeatureConfig                    0x08004a41   Thumb Code   224  stm32f7xx_hal_uart.o(.text.UART_AdvFeatureConfig)
    UART_SetConfig                           0x08004de9   Thumb Code   572  stm32f7xx_hal_uart.o(.text.UART_SetConfig)
    UART_Start_Receive_IT                    0x08005029   Thumb Code   374  stm32f7xx_hal_uart.o(.text.UART_Start_Receive_IT)
    UART_WaitOnFlagUntilTimeout              0x080051a1   Thumb Code   544  stm32f7xx_hal_uart.o(.text.UART_WaitOnFlagUntilTimeout)
    USART1_IRQHandler                        0x080053c1   Thumb Code    12  stm32f7xx_it.o(.text.USART1_IRQHandler)
    Uart_Init                                0x080053d1   Thumb Code    32  uart.o(.text.Uart_Init)
    Uart_Read                                0x080053f1   Thumb Code   114  uart.o(.text.Uart_Read)
    UsageFault_Handler                       0x08005469   Thumb Code     2  stm32f7xx_it.o(.text.UsageFault_Handler)
    main                                     0x08005471   Thumb Code  2088  main.o(.text.main)
    step                                     0x08005c99   Thumb Code   510  step_motor.o(.text.step)
    vDAC_Write                               0x08005e99   Thumb Code   216  analog.o(.text.vDAC_Write)
    __hardfp_sqrt                            0x08005f71   Thumb Code   122  sqrt.o(i.__hardfp_sqrt)
    __aeabi_d2f                              0x08005fed   Thumb Code     0  d2f.o(x$fpl$d2f)
    _d2f                                     0x08005fed   Thumb Code    98  d2f.o(x$fpl$d2f)
    __aeabi_dadd                             0x08006051   Thumb Code     0  daddsub_clz.o(x$fpl$dadd)
    _dadd                                    0x08006051   Thumb Code   332  daddsub_clz.o(x$fpl$dadd)
    __fpl_dcmp_Inf                           0x080061a1   Thumb Code    24  dcmpi.o(x$fpl$dcmpinf)
    __aeabi_ddiv                             0x080061b9   Thumb Code     0  ddiv.o(x$fpl$ddiv)
    _ddiv                                    0x080061b9   Thumb Code   556  ddiv.o(x$fpl$ddiv)
    __aeabi_cdcmpeq                          0x0800646d   Thumb Code     0  deqf.o(x$fpl$deqf)
    _dcmpeq                                  0x0800646d   Thumb Code   120  deqf.o(x$fpl$deqf)
    __aeabi_d2iz                             0x080064e5   Thumb Code     0  dfix.o(x$fpl$dfix)
    _dfix                                    0x080064e5   Thumb Code    94  dfix.o(x$fpl$dfix)
    __aeabi_d2uiz                            0x08006545   Thumb Code     0  dfixu.o(x$fpl$dfixu)
    _dfixu                                   0x08006545   Thumb Code    90  dfixu.o(x$fpl$dfixu)
    __aeabi_i2d                              0x0800659f   Thumb Code     0  dflt_clz.o(x$fpl$dflt)
    _dflt                                    0x0800659f   Thumb Code    46  dflt_clz.o(x$fpl$dflt)
    __aeabi_cdcmpge                          0x080065cd   Thumb Code     0  dgeqf.o(x$fpl$dgeqf)
    _dcmpge                                  0x080065cd   Thumb Code   120  dgeqf.o(x$fpl$dgeqf)
    __aeabi_cdcmple                          0x08006645   Thumb Code     0  dleqf.o(x$fpl$dleqf)
    _dcmple                                  0x08006645   Thumb Code   120  dleqf.o(x$fpl$dleqf)
    __fpl_dcmple_InfNaN                      0x080066a7   Thumb Code     0  dleqf.o(x$fpl$dleqf)
    __aeabi_dmul                             0x080066bd   Thumb Code     0  dmul.o(x$fpl$dmul)
    _dmul                                    0x080066bd   Thumb Code   332  dmul.o(x$fpl$dmul)
    __fpl_dnaninf                            0x08006811   Thumb Code   156  dnaninf.o(x$fpl$dnaninf)
    __fpl_dretinf                            0x080068ad   Thumb Code    12  dretinf.o(x$fpl$dretinf)
    _dsqrt                                   0x080068b9   Thumb Code   404  dsqrt_umaal.o(x$fpl$dsqrt)
    __aeabi_dsub                             0x08006a51   Thumb Code     0  daddsub_clz.o(x$fpl$dsub)
    _dsub                                    0x08006a51   Thumb Code   472  daddsub_clz.o(x$fpl$dsub)
    __aeabi_f2d                              0x08006c2d   Thumb Code     0  f2d.o(x$fpl$f2d)
    _f2d                                     0x08006c2d   Thumb Code    86  f2d.o(x$fpl$f2d)
    __aeabi_dcmpeq                           0x08006c83   Thumb Code     0  dcmp.o(x$fpl$fcmp)
    _deq                                     0x08006c83   Thumb Code    14  dcmp.o(x$fpl$fcmp)
    _dneq                                    0x08006c91   Thumb Code    14  dcmp.o(x$fpl$fcmp)
    __aeabi_dcmpgt                           0x08006c9f   Thumb Code     0  dcmp.o(x$fpl$fcmp)
    _dgr                                     0x08006c9f   Thumb Code    14  dcmp.o(x$fpl$fcmp)
    __aeabi_dcmpge                           0x08006cad   Thumb Code     0  dcmp.o(x$fpl$fcmp)
    _dgeq                                    0x08006cad   Thumb Code    14  dcmp.o(x$fpl$fcmp)
    __aeabi_dcmple                           0x08006cbb   Thumb Code     0  dcmp.o(x$fpl$fcmp)
    _dleq                                    0x08006cbb   Thumb Code    14  dcmp.o(x$fpl$fcmp)
    __aeabi_dcmplt                           0x08006cc9   Thumb Code     0  dcmp.o(x$fpl$fcmp)
    _dls                                     0x08006cc9   Thumb Code    14  dcmp.o(x$fpl$fcmp)
    __fpl_fnaninf                            0x08006cd7   Thumb Code   140  fnaninf.o(x$fpl$fnaninf)
    _fp_init                                 0x08006d63   Thumb Code    26  fpinit.o(x$fpl$fpinit)
    __fplib_config_fpu_vfp                   0x08006d7b   Thumb Code     0  fpinit.o(x$fpl$fpinit)
    __fplib_config_pureend_doubles           0x08006d7b   Thumb Code     0  fpinit.o(x$fpl$fpinit)
    __fpl_fretinf                            0x08006d7d   Thumb Code    10  fretinf.o(x$fpl$fretinf)
    AHBPrescTable                            0x08006d86   Data          16  system_stm32f7xx.o(.rodata.AHBPrescTable)
    __I$use$fp                               0x08006d86   Number         0  usenofp.o(x$fpl$usenofp)
    APBPrescTable                            0x08006d96   Data           8  system_stm32f7xx.o(.rodata.APBPrescTable)
    Region$$Table$$Base                      0x08006dc0   Number         0  anon$$obj.o(Region$$Table)
    Region$$Table$$Limit                     0x08006de0   Number         0  anon$$obj.o(Region$$Table)
    uwTickFreq                               0x20000000   Data           1  stm32f7xx_hal.o(.data..L_MergedGlobals)
    uwTickPrio                               0x20000004   Data           4  stm32f7xx_hal.o(.data..L_MergedGlobals)
    SystemCoreClock                          0x20000008   Data           4  system_stm32f7xx.o(.data.SystemCoreClock)
    __libspace_start                         0x20000010   Data          96  libspace.o(.bss)
    __temporary_stack_top$libspace           0x20000070   Data           0  libspace.o(.bss)
    hdac                                     0x20000070   Data          20  main.o(.bss..L_MergedGlobals)
    htim2                                    0x20000084   Data          76  main.o(.bss..L_MergedGlobals)
    StepVar                                  0x200000d0   Data         360  step_motor.o(.bss.StepVar)
    TCV                                      0x20000238   Data          64  invert_kinematic.o(.bss.TCV)
    hspi4                                    0x20000278   Data         100  main.o(.bss.hspi4)
    hspi5                                    0x200002dc   Data         100  main.o(.bss.hspi5)
    htim10                                   0x20000340   Data          76  main.o(.bss.htim10)
    htim11                                   0x2000038c   Data          76  main.o(.bss.htim11)
    htim13                                   0x200003d8   Data          76  main.o(.bss.htim13)
    htim14                                   0x20000424   Data          76  main.o(.bss.htim14)
    htim3                                    0x20000470   Data          76  main.o(.bss.htim3)
    htim6                                    0x200004bc   Data          76  main.o(.bss.htim6)
    htim7                                    0x20000508   Data          76  main.o(.bss.htim7)
    huart1                                   0x20000554   Data         136  main.o(.bss.huart1)
    mProfile                                 0x200005dc   Data         480  step_motor.o(.bss.mProfile)
    pRobot                                   0x200007bc   Data         144  invert_kinematic.o(.bss.pRobot)
    pUart                                    0x2000084c   Data          27  uart.o(.bss.pUart)
    uwTick                                   0x20000868   Data           4  stm32f7xx_hal.o(.bss.uwTick)



==============================================================================

Memory Map of the image

  Image Entry point : 0x080001c9

  Load Region LR_IROM1 (Base: 0x08000000, Size: 0x00006df0, Max: 0x00080000, ABSOLUTE)

    Execution Region ER_IROM1 (Exec base: 0x08000000, Load base: 0x08000000, Size: 0x00006de0, Max: 0x00080000, ABSOLUTE)

    Exec Addr    Load Addr    Size         Type   Attr      Idx    E Section Name        Object

    0x08000000   0x08000000   0x000001c8   Data   RO            3    RESET               startup_stm32f746xx.o
    0x080001c8   0x080001c8   0x00000008   Code   RO         1490  * !!!main             c_w.l(__main.o)
    0x080001d0   0x080001d0   0x00000034   Code   RO         1792    !!!scatter          c_w.l(__scatter.o)
    0x08000204   0x08000204   0x0000001a   Code   RO         1794    !!handler_copy      c_w.l(__scatter_copy.o)
    0x0800021e   0x0800021e   0x00000002   PAD
    0x08000220   0x08000220   0x0000001c   Code   RO         1796    !!handler_zi        c_w.l(__scatter_zi.o)
    0x0800023c   0x0800023c   0x00000002   Code   RO         1657    .ARM.Collect$$libinit$$00000000  c_w.l(libinit.o)
    0x0800023e   0x0800023e   0x00000004   Code   RO         1666    .ARM.Collect$$libinit$$00000001  c_w.l(libinit2.o)
    0x08000242   0x08000242   0x00000000   Code   RO         1669    .ARM.Collect$$libinit$$00000004  c_w.l(libinit2.o)
    0x08000242   0x08000242   0x00000000   Code   RO         1671    .ARM.Collect$$libinit$$00000006  c_w.l(libinit2.o)
    0x08000242   0x08000242   0x00000000   Code   RO         1674    .ARM.Collect$$libinit$$0000000C  c_w.l(libinit2.o)
    0x08000242   0x08000242   0x00000000   Code   RO         1676    .ARM.Collect$$libinit$$0000000E  c_w.l(libinit2.o)
    0x08000242   0x08000242   0x00000000   Code   RO         1678    .ARM.Collect$$libinit$$00000010  c_w.l(libinit2.o)
    0x08000242   0x08000242   0x00000000   Code   RO         1681    .ARM.Collect$$libinit$$00000013  c_w.l(libinit2.o)
    0x08000242   0x08000242   0x00000000   Code   RO         1683    .ARM.Collect$$libinit$$00000015  c_w.l(libinit2.o)
    0x08000242   0x08000242   0x00000000   Code   RO         1685    .ARM.Collect$$libinit$$00000017  c_w.l(libinit2.o)
    0x08000242   0x08000242   0x00000000   Code   RO         1687    .ARM.Collect$$libinit$$00000019  c_w.l(libinit2.o)
    0x08000242   0x08000242   0x00000000   Code   RO         1689    .ARM.Collect$$libinit$$0000001B  c_w.l(libinit2.o)
    0x08000242   0x08000242   0x00000000   Code   RO         1691    .ARM.Collect$$libinit$$0000001D  c_w.l(libinit2.o)
    0x08000242   0x08000242   0x00000000   Code   RO         1693    .ARM.Collect$$libinit$$0000001F  c_w.l(libinit2.o)
    0x08000242   0x08000242   0x00000000   Code   RO         1695    .ARM.Collect$$libinit$$00000021  c_w.l(libinit2.o)
    0x08000242   0x08000242   0x00000000   Code   RO         1697    .ARM.Collect$$libinit$$00000023  c_w.l(libinit2.o)
    0x08000242   0x08000242   0x00000000   Code   RO         1699    .ARM.Collect$$libinit$$00000025  c_w.l(libinit2.o)
    0x08000242   0x08000242   0x00000000   Code   RO         1701    .ARM.Collect$$libinit$$00000027  c_w.l(libinit2.o)
    0x08000242   0x08000242   0x00000000   Code   RO         1705    .ARM.Collect$$libinit$$0000002E  c_w.l(libinit2.o)
    0x08000242   0x08000242   0x00000000   Code   RO         1707    .ARM.Collect$$libinit$$00000030  c_w.l(libinit2.o)
    0x08000242   0x08000242   0x00000000   Code   RO         1709    .ARM.Collect$$libinit$$00000032  c_w.l(libinit2.o)
    0x08000242   0x08000242   0x00000000   Code   RO         1711    .ARM.Collect$$libinit$$00000034  c_w.l(libinit2.o)
    0x08000242   0x08000242   0x00000002   Code   RO         1712    .ARM.Collect$$libinit$$00000035  c_w.l(libinit2.o)
    0x08000244   0x08000244   0x00000002   Code   RO         1747    .ARM.Collect$$libshutdown$$00000000  c_w.l(libshutdown.o)
    0x08000246   0x08000246   0x00000000   Code   RO         1775    .ARM.Collect$$libshutdown$$00000002  c_w.l(libshutdown2.o)
    0x08000246   0x08000246   0x00000000   Code   RO         1777    .ARM.Collect$$libshutdown$$00000004  c_w.l(libshutdown2.o)
    0x08000246   0x08000246   0x00000000   Code   RO         1780    .ARM.Collect$$libshutdown$$00000007  c_w.l(libshutdown2.o)
    0x08000246   0x08000246   0x00000000   Code   RO         1783    .ARM.Collect$$libshutdown$$0000000A  c_w.l(libshutdown2.o)
    0x08000246   0x08000246   0x00000000   Code   RO         1785    .ARM.Collect$$libshutdown$$0000000C  c_w.l(libshutdown2.o)
    0x08000246   0x08000246   0x00000000   Code   RO         1788    .ARM.Collect$$libshutdown$$0000000F  c_w.l(libshutdown2.o)
    0x08000246   0x08000246   0x00000002   Code   RO         1789    .ARM.Collect$$libshutdown$$00000010  c_w.l(libshutdown2.o)
    0x08000248   0x08000248   0x00000000   Code   RO         1548    .ARM.Collect$$rtentry$$00000000  c_w.l(__rtentry.o)
    0x08000248   0x08000248   0x00000000   Code   RO         1614    .ARM.Collect$$rtentry$$00000002  c_w.l(__rtentry2.o)
    0x08000248   0x08000248   0x00000006   Code   RO         1626    .ARM.Collect$$rtentry$$00000004  c_w.l(__rtentry4.o)
    0x0800024e   0x0800024e   0x00000000   Code   RO         1616    .ARM.Collect$$rtentry$$00000009  c_w.l(__rtentry2.o)
    0x0800024e   0x0800024e   0x00000004   Code   RO         1617    .ARM.Collect$$rtentry$$0000000A  c_w.l(__rtentry2.o)
    0x08000252   0x08000252   0x00000000   Code   RO         1619    .ARM.Collect$$rtentry$$0000000C  c_w.l(__rtentry2.o)
    0x08000252   0x08000252   0x00000008   Code   RO         1620    .ARM.Collect$$rtentry$$0000000D  c_w.l(__rtentry2.o)
    0x0800025a   0x0800025a   0x00000002   Code   RO         1658    .ARM.Collect$$rtexit$$00000000  c_w.l(rtexit.o)
    0x0800025c   0x0800025c   0x00000000   Code   RO         1718    .ARM.Collect$$rtexit$$00000002  c_w.l(rtexit2.o)
    0x0800025c   0x0800025c   0x00000004   Code   RO         1719    .ARM.Collect$$rtexit$$00000003  c_w.l(rtexit2.o)
    0x08000260   0x08000260   0x00000006   Code   RO         1720    .ARM.Collect$$rtexit$$00000004  c_w.l(rtexit2.o)
    0x08000266   0x08000266   0x00000002   PAD
    0x08000268   0x08000268   0x00000040   Code   RO            4    .text               startup_stm32f746xx.o
    0x080002a8   0x080002a8   0x000000f0   Code   RO         1484    .text               c_w.l(lludivv7m.o)
    0x08000398   0x08000398   0x0000004e   Code   RO         1486    .text               c_w.l(rt_memclr_w.o)
    0x080003e6   0x080003e6   0x00000006   Code   RO         1488    .text               c_w.l(heapauxi.o)
    0x080003ec   0x080003ec   0x00000016   Code   RO         1553    .text               c_w.l(_rserrno.o)
    0x08000402   0x08000402   0x00000002   PAD
    0x08000404   0x08000404   0x00000008   Code   RO         1633    .text               c_w.l(rt_errno_addr_intlibspace.o)
    0x0800040c   0x0800040c   0x00000008   Code   RO         1641    .text               c_w.l(libspace.o)
    0x08000414   0x08000414   0x0000004a   Code   RO         1644    .text               c_w.l(sys_stackheap_outer.o)
    0x0800045e   0x0800045e   0x00000012   Code   RO         1646    .text               c_w.l(exit.o)
    0x08000470   0x08000470   0x0000000c   Code   RO         1713    .text               c_w.l(sys_exit.o)
    0x0800047c   0x0800047c   0x00000002   Code   RO         1736    .text               c_w.l(use_no_semi.o)
    0x0800047e   0x0800047e   0x00000000   Code   RO         1738    .text               c_w.l(indicate_semi.o)
    0x0800047e   0x0800047e   0x00000002   PAD
    0x08000480   0x08000480   0x00000002   Code   RO          156    .text.BusFault_Handler  stm32f7xx_it.o
    0x08000482   0x08000482   0x00000006   PAD
    0x08000488   0x08000488   0x00000002   Code   RO          162    .text.DebugMon_Handler  stm32f7xx_it.o
    0x0800048a   0x0800048a   0x00000006   PAD
    0x08000490   0x08000490   0x0000000a   Code   RO          128    .text.Error_Handler  main.o
    0x0800049a   0x0800049a   0x00000006   PAD
    0x080004a0   0x080004a0   0x00000048   Code   RO          301    .text.HAL_DAC_ConfigChannel  stm32f7xx_hal_dac.o
    0x080004e8   0x080004e8   0x00000028   Code   RO          265    .text.HAL_DAC_Init  stm32f7xx_hal_dac.o
    0x08000510   0x08000510   0x00000060   Code   RO          193    .text.HAL_DAC_MspInit  stm32f7xx_hal_msp.o
    0x08000570   0x08000570   0x0000002a   Code   RO          291    .text.HAL_DAC_SetValue  stm32f7xx_hal_dac.o
    0x0800059a   0x0800059a   0x00000006   PAD
    0x080005a0   0x080005a0   0x00000058   Code   RO          273    .text.HAL_DAC_Start  stm32f7xx_hal_dac.o
    0x080005f8   0x080005f8   0x0000008e   Code   RO          490    .text.HAL_DMA_Abort  stm32f7xx_hal_dma.o
    0x08000686   0x08000686   0x00000002   PAD
    0x08000688   0x08000688   0x00000024   Code   RO          492    .text.HAL_DMA_Abort_IT  stm32f7xx_hal_dma.o
    0x080006ac   0x080006ac   0x00000004   PAD
    0x080006b0   0x080006b0   0x000001a6   Code   RO          458    .text.HAL_GPIO_Init  stm32f7xx_hal_gpio.o
    0x08000856   0x08000856   0x00000002   PAD
    0x08000858   0x08000858   0x0000000a   Code   RO          464    .text.HAL_GPIO_WritePin  stm32f7xx_hal_gpio.o
    0x08000862   0x08000862   0x00000006   PAD
    0x08000868   0x08000868   0x0000000c   Code   RO          617    .text.HAL_GetTick   stm32f7xx_hal.o
    0x08000874   0x08000874   0x00000004   PAD
    0x08000878   0x08000878   0x0000001a   Code   RO          615    .text.HAL_IncTick   stm32f7xx_hal.o
    0x08000892   0x08000892   0x00000006   PAD
    0x08000898   0x08000898   0x00000016   Code   RO          605    .text.HAL_Init      stm32f7xx_hal.o
    0x080008ae   0x080008ae   0x00000002   PAD
    0x080008b0   0x080008b0   0x00000048   Code   RO          607    .text.HAL_InitTick  stm32f7xx_hal.o
    0x080008f8   0x080008f8   0x00000032   Code   RO          191    .text.HAL_MspInit   stm32f7xx_hal_msp.o
    0x0800092a   0x0800092a   0x00000006   PAD
    0x08000930   0x08000930   0x00000026   Code   RO          223    .text.HAL_NVIC_EnableIRQ  stm32f7xx_hal_cortex.o
    0x08000956   0x08000956   0x00000002   PAD
    0x08000958   0x08000958   0x0000005a   Code   RO          221    .text.HAL_NVIC_SetPriority  stm32f7xx_hal_cortex.o
    0x080009b2   0x080009b2   0x00000006   PAD
    0x080009b8   0x080009b8   0x00000020   Code   RO          219    .text.HAL_NVIC_SetPriorityGrouping  stm32f7xx_hal_cortex.o
    0x080009d8   0x080009d8   0x00000076   Code   RO          587    .text.HAL_PWREx_EnableOverDrive  stm32f7xx_hal_pwr_ex.o
    0x08000a4e   0x08000a4e   0x00000002   PAD
    0x08000a50   0x08000a50   0x00000572   Code   RO          385    .text.HAL_RCCEx_PeriphCLKConfig  stm32f7xx_hal_rcc_ex.o
    0x08000fc2   0x08000fc2   0x00000006   PAD
    0x08000fc8   0x08000fc8   0x000001ea   Code   RO          353    .text.HAL_RCC_ClockConfig  stm32f7xx_hal_rcc.o
    0x080011b2   0x080011b2   0x00000006   PAD
    0x080011b8   0x080011b8   0x00000026   Code   RO          365    .text.HAL_RCC_GetPCLK1Freq  stm32f7xx_hal_rcc.o
    0x080011de   0x080011de   0x00000002   PAD
    0x080011e0   0x080011e0   0x00000026   Code   RO          367    .text.HAL_RCC_GetPCLK2Freq  stm32f7xx_hal_rcc.o
    0x08001206   0x08001206   0x00000002   PAD
    0x08001208   0x08001208   0x0000006e   Code   RO          355    .text.HAL_RCC_GetSysClockFreq  stm32f7xx_hal_rcc.o
    0x08001276   0x08001276   0x00000002   PAD
    0x08001278   0x08001278   0x0000038c   Code   RO          351    .text.HAL_RCC_OscConfig  stm32f7xx_hal_rcc.o
    0x08001604   0x08001604   0x00000004   PAD
    0x08001608   0x08001608   0x000000e0   Code   RO          867    .text.HAL_SPI_Init  stm32f7xx_hal_spi.o
    0x080016e8   0x080016e8   0x000000bc   Code   RO          197    .text.HAL_SPI_MspInit  stm32f7xx_hal_msp.o
    0x080017a4   0x080017a4   0x00000004   PAD
    0x080017a8   0x080017a8   0x00000220   Code   RO          875    .text.HAL_SPI_Transmit  stm32f7xx_hal_spi.o
    0x080019c8   0x080019c8   0x0000002e   Code   RO          231    .text.HAL_SYSTICK_Config  stm32f7xx_hal_cortex.o
    0x080019f6   0x080019f6   0x00000002   PAD
    0x080019f8   0x080019f8   0x00000002   Code   RO         1299    .text.HAL_TIMEx_Break2Callback  stm32f7xx_hal_tim_ex.o
    0x080019fa   0x080019fa   0x00000006   PAD
    0x08001a00   0x08001a00   0x00000002   Code   RO         1297    .text.HAL_TIMEx_BreakCallback  stm32f7xx_hal_tim_ex.o
    0x08001a02   0x08001a02   0x00000006   PAD
    0x08001a08   0x08001a08   0x00000002   Code   RO         1293    .text.HAL_TIMEx_CommutCallback  stm32f7xx_hal_tim_ex.o
    0x08001a0a   0x08001a0a   0x00000006   PAD
    0x08001a10   0x08001a10   0x000000ca   Code   RO         1285    .text.HAL_TIMEx_MasterConfigSynchronization  stm32f7xx_hal_tim_ex.o
    0x08001ada   0x08001ada   0x00000006   PAD
    0x08001ae0   0x08001ae0   0x00000060   Code   RO          990    .text.HAL_TIM_Base_Init  stm32f7xx_hal_tim.o
    0x08001b40   0x08001b40   0x000001fc   Code   RO          201    .text.HAL_TIM_Base_MspInit  stm32f7xx_hal_msp.o
    0x08001d3c   0x08001d3c   0x00000004   PAD
    0x08001d40   0x08001d40   0x000000ac   Code   RO         1000    .text.HAL_TIM_Base_Start  stm32f7xx_hal_tim.o
    0x08001dec   0x08001dec   0x00000004   PAD
    0x08001df0   0x08001df0   0x000000b4   Code   RO         1004    .text.HAL_TIM_Base_Start_IT  stm32f7xx_hal_tim.o
    0x08001ea4   0x08001ea4   0x00000004   PAD
    0x08001ea8   0x08001ea8   0x0000019c   Code   RO         1170    .text.HAL_TIM_ConfigClockSource  stm32f7xx_hal_tim.o
    0x08002044   0x08002044   0x00000004   PAD
    0x08002048   0x08002048   0x00000002   Code   RO         1126    .text.HAL_TIM_IC_CaptureCallback  stm32f7xx_hal_tim.o
    0x0800204a   0x0800204a   0x00000006   PAD
    0x08002050   0x08002050   0x0000018c   Code   RO         1124    .text.HAL_TIM_IRQHandler  stm32f7xx_hal_tim.o
    0x080021dc   0x080021dc   0x00000004   PAD
    0x080021e0   0x080021e0   0x00000050   Code   RO          203    .text.HAL_TIM_MspPostInit  stm32f7xx_hal_msp.o
    0x08002230   0x08002230   0x00000002   Code   RO         1128    .text.HAL_TIM_OC_DelayElapsedCallback  stm32f7xx_hal_tim.o
    0x08002232   0x08002232   0x00000006   PAD
    0x08002238   0x08002238   0x00000322   Code   RO         1144    .text.HAL_TIM_PWM_ConfigChannel  stm32f7xx_hal_tim.o
    0x0800255a   0x0800255a   0x00000006   PAD
    0x08002560   0x08002560   0x00000060   Code   RO         1044    .text.HAL_TIM_PWM_Init  stm32f7xx_hal_tim.o
    0x080025c0   0x080025c0   0x00000002   Code   RO         1046    .text.HAL_TIM_PWM_MspInit  stm32f7xx_hal_tim.o
    0x080025c2   0x080025c2   0x00000006   PAD
    0x080025c8   0x080025c8   0x00000002   Code   RO         1130    .text.HAL_TIM_PWM_PulseFinishedCallback  stm32f7xx_hal_tim.o
    0x080025ca   0x080025ca   0x00000006   PAD
    0x080025d0   0x080025d0   0x00000170   Code   RO         1052    .text.HAL_TIM_PWM_Start  stm32f7xx_hal_tim.o
    0x08002740   0x08002740   0x000000f2   Code   RO          122    .text.HAL_TIM_PeriodElapsedCallback  main.o
    0x08002832   0x08002832   0x00000006   PAD
    0x08002838   0x08002838   0x00000002   Code   RO         1134    .text.HAL_TIM_TriggerCallback  stm32f7xx_hal_tim.o
    0x0800283a   0x0800283a   0x00000006   PAD
    0x08002840   0x08002840   0x00000002   Code   RO         1399    .text.HAL_UARTEx_RxEventCallback  stm32f7xx_hal_uart.o
    0x08002842   0x08002842   0x00000006   PAD
    0x08002848   0x08002848   0x00000002   Code   RO         1397    .text.HAL_UART_ErrorCallback  stm32f7xx_hal_uart.o
    0x0800284a   0x0800284a   0x00000006   PAD
    0x08002850   0x08002850   0x000005fc   Code   RO         1393    .text.HAL_UART_IRQHandler  stm32f7xx_hal_uart.o
    0x08002e4c   0x08002e4c   0x00000004   PAD
    0x08002e50   0x08002e50   0x000000a2   Code   RO         1313    .text.HAL_UART_Init  stm32f7xx_hal_uart.o
    0x08002ef2   0x08002ef2   0x00000006   PAD
    0x08002ef8   0x08002ef8   0x00000092   Code   RO          207    .text.HAL_UART_MspInit  stm32f7xx_hal_msp.o
    0x08002f8a   0x08002f8a   0x00000006   PAD
    0x08002f90   0x08002f90   0x00000098   Code   RO         1345    .text.HAL_UART_Receive_IT  stm32f7xx_hal_uart.o
    0x08003028   0x08003028   0x000000c8   Code   RO          120    .text.HAL_UART_RxCpltCallback  main.o
    0x080030f0   0x080030f0   0x00000002   Code   RO         1401    .text.HAL_UART_TxCpltCallback  stm32f7xx_hal_uart.o
    0x080030f2   0x080030f2   0x00000006   PAD
    0x080030f8   0x080030f8   0x00000002   Code   RO          152    .text.HardFault_Handler  stm32f7xx_it.o
    0x080030fa   0x080030fa   0x00000006   PAD
    0x08003100   0x08003100   0x00000128   Code   RO           98    .text.MCP4822_SP    mcp4822.o
    0x08003228   0x08003228   0x00000002   Code   RO          154    .text.MemManage_Handler  stm32f7xx_it.o
    0x0800322a   0x0800322a   0x00000006   PAD
    0x08003230   0x08003230   0x00000204   Code   RO           60    .text.MotionProfile_Set  step_motor.o
    0x08003434   0x08003434   0x00000004   PAD
    0x08003438   0x08003438   0x00000080   Code   RO           62    .text.MotionVar_Prepare  step_motor.o
    0x080034b8   0x080034b8   0x000005e0   Code   RO           74    .text.Motor_run     step_motor.o
    0x08003a98   0x08003a98   0x00000002   Code   RO          150    .text.NMI_Handler   stm32f7xx_it.o
    0x08003a9a   0x08003a9a   0x00000006   PAD
    0x08003aa0   0x08003aa0   0x00000002   Code   RO          164    .text.PendSV_Handler  stm32f7xx_it.o
    0x08003aa2   0x08003aa2   0x00000006   PAD
    0x08003aa8   0x08003aa8   0x000000a8   Code   RO           11    .text.Robot_Init    invert_kinematic.o
    0x08003b50   0x08003b50   0x000000c6   Code   RO          877    .text.SPI_EndRxTxTransaction  stm32f7xx_hal_spi.o
    0x08003c16   0x08003c16   0x00000002   PAD
    0x08003c18   0x08003c18   0x00000184   Code   RO          933    .text.SPI_WaitFifoStateUntilTimeout  stm32f7xx_hal_spi.o
    0x08003d9c   0x08003d9c   0x00000004   PAD
    0x08003da0   0x08003da0   0x000000cc   Code   RO          935    .text.SPI_WaitFlagStateUntilTimeout  stm32f7xx_hal_spi.o
    0x08003e6c   0x08003e6c   0x00000004   PAD
    0x08003e70   0x08003e70   0x00000002   Code   RO          160    .text.SVC_Handler   stm32f7xx_it.o
    0x08003e72   0x08003e72   0x00000006   PAD
    0x08003e78   0x08003e78   0x000001dc   Code   RO           72    .text.Stepper_Control  step_motor.o
    0x08004054   0x08004054   0x00000004   PAD
    0x08004058   0x08004058   0x00000218   Code   RO           54    .text.Stepper_Init  step_motor.o
    0x08004270   0x08004270   0x000000c0   Code   RO           66    .text.Stepper_Start  step_motor.o
    0x08004330   0x08004330   0x00000020   Code   RO           64    .text.Stepper_StateRst  step_motor.o
    0x08004350   0x08004350   0x00000004   Code   RO          166    .text.SysTick_Handler  stm32f7xx_it.o
    0x08004354   0x08004354   0x00000004   PAD
    0x08004358   0x08004358   0x000000bc   Code   RO          126    .text.SystemClock_Config  main.o
    0x08004414   0x08004414   0x00000004   PAD
    0x08004418   0x08004418   0x00000012   Code   RO         1468    .text.SystemInit    system_stm32f7xx.o
    0x0800442a   0x0800442a   0x00000006   PAD
    0x08004430   0x08004430   0x00000092   Code   RO           48    .text.TB67S_Dir_fwd  step_motor.o
    0x080044c2   0x080044c2   0x00000006   PAD
    0x080044c8   0x080044c8   0x00000092   Code   RO           50    .text.TB67S_Dir_rev  step_motor.o
    0x0800455a   0x0800455a   0x00000006   PAD
    0x08004560   0x08004560   0x00000090   Code   RO           44    .text.TB67S_Disable  step_motor.o
    0x080045f0   0x080045f0   0x00000090   Code   RO           42    .text.TB67S_Enable  step_motor.o
    0x08004680   0x08004680   0x0000020e   Code   RO           46    .text.TB67S_Reset   step_motor.o
    0x0800488e   0x0800488e   0x00000002   PAD
    0x08004890   0x08004890   0x0000000c   Code   RO          170    .text.TIM1_TRG_COM_TIM11_IRQHandler  stm32f7xx_it.o
    0x0800489c   0x0800489c   0x00000004   PAD
    0x080048a0   0x080048a0   0x0000000c   Code   RO          168    .text.TIM1_UP_TIM10_IRQHandler  stm32f7xx_it.o
    0x080048ac   0x080048ac   0x00000004   PAD
    0x080048b0   0x080048b0   0x0000000c   Code   RO          172    .text.TIM2_IRQHandler  stm32f7xx_it.o
    0x080048bc   0x080048bc   0x00000004   PAD
    0x080048c0   0x080048c0   0x0000000c   Code   RO          174    .text.TIM3_IRQHandler  stm32f7xx_it.o
    0x080048cc   0x080048cc   0x00000004   PAD
    0x080048d0   0x080048d0   0x0000000c   Code   RO          182    .text.TIM7_IRQHandler  stm32f7xx_it.o
    0x080048dc   0x080048dc   0x00000004   PAD
    0x080048e0   0x080048e0   0x0000000c   Code   RO          180    .text.TIM8_TRG_COM_TIM14_IRQHandler  stm32f7xx_it.o
    0x080048ec   0x080048ec   0x00000004   PAD
    0x080048f0   0x080048f0   0x0000000c   Code   RO          178    .text.TIM8_UP_TIM13_IRQHandler  stm32f7xx_it.o
    0x080048fc   0x080048fc   0x00000004   PAD
    0x08004900   0x08004900   0x0000013c   Code   RO          994    .text.TIM_Base_SetConfig  stm32f7xx_hal_tim.o
    0x08004a3c   0x08004a3c   0x00000004   PAD
    0x08004a40   0x08004a40   0x000000e0   Code   RO         1319    .text.UART_AdvFeatureConfig  stm32f7xx_hal_uart.o
    0x08004b20   0x08004b20   0x00000010   Code   RO         1395    .text.UART_DMAAbortOnError  stm32f7xx_hal_uart.o
    0x08004b30   0x08004b30   0x00000158   Code   RO         1431    .text.UART_RxISR_16BIT  stm32f7xx_hal_uart.o
    0x08004c88   0x08004c88   0x0000015c   Code   RO         1433    .text.UART_RxISR_8BIT  stm32f7xx_hal_uart.o
    0x08004de4   0x08004de4   0x00000004   PAD
    0x08004de8   0x08004de8   0x0000023c   Code   RO         1317    .text.UART_SetConfig  stm32f7xx_hal_uart.o
    0x08005024   0x08005024   0x00000004   PAD
    0x08005028   0x08005028   0x00000176   Code   RO         1347    .text.UART_Start_Receive_IT  stm32f7xx_hal_uart.o
    0x0800519e   0x0800519e   0x00000002   PAD
    0x080051a0   0x080051a0   0x00000220   Code   RO         1335    .text.UART_WaitOnFlagUntilTimeout  stm32f7xx_hal_uart.o
    0x080053c0   0x080053c0   0x0000000c   Code   RO          176    .text.USART1_IRQHandler  stm32f7xx_it.o
    0x080053cc   0x080053cc   0x00000004   PAD
    0x080053d0   0x080053d0   0x00000020   Code   RO          107    .text.Uart_Init     uart.o
    0x080053f0   0x080053f0   0x00000072   Code   RO          109    .text.Uart_Read     uart.o
    0x08005462   0x08005462   0x00000006   PAD
    0x08005468   0x08005468   0x00000002   Code   RO          158    .text.UsageFault_Handler  stm32f7xx_it.o
    0x0800546a   0x0800546a   0x00000006   PAD
    0x08005470   0x08005470   0x00000828   Code   RO          124    .text.main          main.o
    0x08005c98   0x08005c98   0x000001fe   Code   RO           52    .text.step          step_motor.o
    0x08005e96   0x08005e96   0x00000002   PAD
    0x08005e98   0x08005e98   0x000000d8   Code   RO           88    .text.vDAC_Write    analog.o
    0x08005f70   0x08005f70   0x0000007a   Code   RO         1542    i.__hardfp_sqrt     m_wm.l(sqrt.o)
    0x08005fea   0x08005fea   0x00000002   PAD
    0x08005fec   0x08005fec   0x00000062   Code   RO         1492    x$fpl$d2f           fz_wm.l(d2f.o)
    0x0800604e   0x0800604e   0x00000002   PAD
    0x08006050   0x08006050   0x00000150   Code   RO         1494    x$fpl$dadd          fz_wm.l(daddsub_clz.o)
    0x080061a0   0x080061a0   0x00000018   Code   RO         1635    x$fpl$dcmpinf       fz_wm.l(dcmpi.o)
    0x080061b8   0x080061b8   0x000002b4   Code   RO         1503    x$fpl$ddiv          fz_wm.l(ddiv.o)
    0x0800646c   0x0800646c   0x00000078   Code   RO         1557    x$fpl$deqf          fz_wm.l(deqf.o)
    0x080064e4   0x080064e4   0x0000005e   Code   RO         1506    x$fpl$dfix          fz_wm.l(dfix.o)
    0x08006542   0x08006542   0x00000002   PAD
    0x08006544   0x08006544   0x0000005a   Code   RO         1510    x$fpl$dfixu         fz_wm.l(dfixu.o)
    0x0800659e   0x0800659e   0x0000002e   Code   RO         1515    x$fpl$dflt          fz_wm.l(dflt_clz.o)
    0x080065cc   0x080065cc   0x00000078   Code   RO         1559    x$fpl$dgeqf         fz_wm.l(dgeqf.o)
    0x08006644   0x08006644   0x00000078   Code   RO         1561    x$fpl$dleqf         fz_wm.l(dleqf.o)
    0x080066bc   0x080066bc   0x00000154   Code   RO         1520    x$fpl$dmul          fz_wm.l(dmul.o)
    0x08006810   0x08006810   0x0000009c   Code   RO         1563    x$fpl$dnaninf       fz_wm.l(dnaninf.o)
    0x080068ac   0x080068ac   0x0000000c   Code   RO         1565    x$fpl$dretinf       fz_wm.l(dretinf.o)
    0x080068b8   0x080068b8   0x00000198   Code   RO         1567    x$fpl$dsqrt         fz_wm.l(dsqrt_umaal.o)
    0x08006a50   0x08006a50   0x000001dc   Code   RO         1496    x$fpl$dsub          fz_wm.l(daddsub_clz.o)
    0x08006c2c   0x08006c2c   0x00000056   Code   RO         1522    x$fpl$f2d           fz_wm.l(f2d.o)
    0x08006c82   0x08006c82   0x00000054   Code   RO         1500    x$fpl$fcmp          fz_wm.l(dcmp.o)
    0x08006cd6   0x08006cd6   0x0000008c   Code   RO         1569    x$fpl$fnaninf       fz_wm.l(fnaninf.o)
    0x08006d62   0x08006d62   0x0000001a   Code   RO         1730    x$fpl$fpinit        fz_wm.l(fpinit.o)
    0x08006d7c   0x08006d7c   0x0000000a   Code   RO         1571    x$fpl$fretinf       fz_wm.l(fretinf.o)
    0x08006d86   0x08006d86   0x00000000   Code   RO         1573    x$fpl$usenofp       fz_wm.l(usenofp.o)
    0x08006d86   0x08006d86   0x00000010   Data   RO         1473    .rodata.AHBPrescTable  system_stm32f7xx.o
    0x08006d96   0x08006d96   0x00000008   Data   RO         1474    .rodata.APBPrescTable  system_stm32f7xx.o
    0x08006d9e   0x08006d9e   0x00000002   PAD
    0x08006da0   0x08006da0   0x00000020   Data   RO         1439    .rodata.cst16       stm32f7xx_hal_uart.o
    0x08006dc0   0x08006dc0   0x00000020   Data   RO         1791    Region$$Table       anon$$obj.o


    Execution Region RW_IRAM1 (Exec base: 0x20000000, Load base: 0x08006de0, Size: 0x00000e70, Max: 0x00050000, ABSOLUTE)

    Exec Addr    Load Addr    Size         Type   Attr      Idx    E Section Name        Object

    0x20000000   0x08006de0   0x00000008   Data   RW          664    .data..L_MergedGlobals  stm32f7xx_hal.o
    0x20000008   0x08006de8   0x00000004   Data   RW         1472    .data.SystemCoreClock  system_stm32f7xx.o
    0x2000000c   0x08006dec   0x00000004   PAD
    0x20000010        -       0x00000060   Zero   RW         1642    .bss                c_w.l(libspace.o)
    0x20000070        -       0x00000060   Zero   RW          141    .bss..L_MergedGlobals  main.o
    0x200000d0        -       0x00000168   Zero   RW           76    .bss.StepVar        step_motor.o
    0x20000238        -       0x00000040   Zero   RW           25    .bss.TCV            invert_kinematic.o
    0x20000278        -       0x00000064   Zero   RW          138    .bss.hspi4          main.o
    0x200002dc        -       0x00000064   Zero   RW          139    .bss.hspi5          main.o
    0x20000340        -       0x0000004c   Zero   RW          132    .bss.htim10         main.o
    0x2000038c        -       0x0000004c   Zero   RW          133    .bss.htim11         main.o
    0x200003d8        -       0x0000004c   Zero   RW          134    .bss.htim13         main.o
    0x20000424        -       0x0000004c   Zero   RW          135    .bss.htim14         main.o
    0x20000470        -       0x0000004c   Zero   RW          137    .bss.htim3          main.o
    0x200004bc        -       0x0000004c   Zero   RW          136    .bss.htim6          main.o
    0x20000508        -       0x0000004c   Zero   RW          131    .bss.htim7          main.o
    0x20000554        -       0x00000088   Zero   RW          130    .bss.huart1         main.o
    0x200005dc        -       0x000001e0   Zero   RW           77    .bss.mProfile       step_motor.o
    0x200007bc        -       0x00000090   Zero   RW           24    .bss.pRobot         invert_kinematic.o
    0x2000084c        -       0x0000001b   Zero   RW          111    .bss.pUart          uart.o
    0x20000867   0x08006dec   0x00000001   PAD
    0x20000868        -       0x00000004   Zero   RW          663    .bss.uwTick         stm32f7xx_hal.o
    0x2000086c   0x08006dec   0x00000004   PAD
    0x20000870        -       0x00000200   Zero   RW            2    HEAP                startup_stm32f746xx.o
    0x20000a70        -       0x00000400   Zero   RW            1    STACK               startup_stm32f746xx.o


==============================================================================

Image component sizes


      Code (inc. data)   RO Data    RW Data    ZI Data      Debug   Object Name

       216         16          0          0          0       3965   analog.o
       168          0          0          0        208       7981   invert_kinematic.o
      2728         44          0          0        964      14361   main.o
       296         10          0          0          0       2182   mcp4822.o
        64         26        456          0       1536        880   startup_stm32f746xx.o
      5000        254          0          0        840      17406   step_motor.o
       132          0          0          8          4       7821   stm32f7xx_hal.o
       206          0          0          0          0      11281   stm32f7xx_hal_cortex.o
       242          0          0          0          0       7851   stm32f7xx_hal_dac.o
       178          0          0          0          0      10913   stm32f7xx_hal_dma.o
       432          0          0          0          0       5214   stm32f7xx_hal_gpio.o
      1068          0          0          0          0      14686   stm32f7xx_hal_msp.o
       118          0          0          0          0       5737   stm32f7xx_hal_pwr_ex.o
      1584          0          0          0          0       8419   stm32f7xx_hal_rcc.o
      1394          0          0          0          0       6987   stm32f7xx_hal_rcc_ex.o
      1558          0          0          0          0      27252   stm32f7xx_hal_spi.o
      2848         24          0          0          0      60875   stm32f7xx_hal_tim.o
       208          0          0          0          0      23222   stm32f7xx_hal_tim_ex.o
      4274         22         32          0          0      34992   stm32f7xx_hal_uart.o
       116          0          0          0          0       6789   stm32f7xx_it.o
        18          0         24          4          0       3425   system_stm32f7xx.o
       146          0          0          0         27       4282   uart.o

    ----------------------------------------------------------------------
     23344        404        546         12       3588     286521   Object Totals
         0          0         32          0          0          0   (incl. Generated)
       350          8          2          0          9          0   (incl. Padding)

    ----------------------------------------------------------------------

      Code (inc. data)   RO Data    RW Data    ZI Data      Debug   Library Member Name

         8          0          0          0          0         68   __main.o
         0          0          0          0          0          0   __rtentry.o
        12          0          0          0          0          0   __rtentry2.o
         6          0          0          0          0          0   __rtentry4.o
        52          8          0          0          0          0   __scatter.o
        26          0          0          0          0          0   __scatter_copy.o
        28          0          0          0          0          0   __scatter_zi.o
        22          0          0          0          0        100   _rserrno.o
        18          0          0          0          0         80   exit.o
         6          0          0          0          0        152   heapauxi.o
         0          0          0          0          0          0   indicate_semi.o
         2          0          0          0          0          0   libinit.o
         6          0          0          0          0          0   libinit2.o
         2          0          0          0          0          0   libshutdown.o
         2          0          0          0          0          0   libshutdown2.o
         8          4          0          0         96         68   libspace.o
       240          0          0          0          0        100   lludivv7m.o
         8          4          0          0          0         68   rt_errno_addr_intlibspace.o
        78          0          0          0          0         80   rt_memclr_w.o
         2          0          0          0          0          0   rtexit.o
        10          0          0          0          0          0   rtexit2.o
        12          4          0          0          0         68   sys_exit.o
        74          0          0          0          0         80   sys_stackheap_outer.o
         2          0          0          0          0         68   use_no_semi.o
        98          4          0          0          0        140   d2f.o
       812         16          0          0          0        392   daddsub_clz.o
        84          0          0          0          0        244   dcmp.o
        24          0          0          0          0        116   dcmpi.o
       692        140          0          0          0        264   ddiv.o
       120          4          0          0          0        140   deqf.o
        94          4          0          0          0        140   dfix.o
        90          4          0          0          0        140   dfixu.o
        46          0          0          0          0        116   dflt_clz.o
       120          4          0          0          0        140   dgeqf.o
       120          4          0          0          0        140   dleqf.o
       340         12          0          0          0        152   dmul.o
       156          4          0          0          0        140   dnaninf.o
        12          0          0          0          0        116   dretinf.o
       408         56          0          0          0        168   dsqrt_umaal.o
        86          4          0          0          0        132   f2d.o
       140          4          0          0          0        132   fnaninf.o
        26          0          0          0          0        116   fpinit.o
        10          0          0          0          0        116   fretinf.o
         0          0          0          0          0          0   usenofp.o
       122          0          0          0          0        148   sqrt.o

    ----------------------------------------------------------------------
      4238        280          0          0         96       4124   Library Totals
        14          0          0          0          0          0   (incl. Padding)

    ----------------------------------------------------------------------

      Code (inc. data)   RO Data    RW Data    ZI Data      Debug   Library Name

       624         20          0          0         96        932   c_w.l
      3478        260          0          0          0       3044   fz_wm.l
       122          0          0          0          0        148   m_wm.l

    ----------------------------------------------------------------------
      4238        280          0          0         96       4124   Library Totals

    ----------------------------------------------------------------------

==============================================================================


      Code (inc. data)   RO Data    RW Data    ZI Data      Debug   

     27582        684        546         12       3684     287981   Grand Totals
     27582        684        546         12       3684     287981   ELF Image Totals
     27582        684        546         12          0          0   ROM Totals

==============================================================================

    Total RO  Size (Code + RO Data)                28128 (  27.47kB)
    Total RW  Size (RW Data + ZI Data)              3696 (   3.61kB)
    Total ROM Size (Code + RO Data + RW Data)      28140 (  27.48kB)

==============================================================================

