<html>
<body>
<pre>
<h1>µVision Build Log</h1>
<h2>Tool Versions:</h2>
IDE-Version: µVision V5.38.0.0
Copyright (C) 2022 ARM Ltd and ARM Germany GmbH. All rights reserved.
License Information: Phong Phong, Bk, LIC=EXJT4-FEF9X-QD7KD-8FI77-QK6DV-JRB1L
 
Tool Versions:
Toolchain:       MDK-ARM Plus  Version: 5.38.0.0
Toolchain Path:  C:\Keil_v5\ARM\ARMCLANG\Bin
C Compiler:      ArmClang.exe V6.19
Assembler:       Armasm.exe V6.19
Linker/Locator:  ArmLink.exe V6.19
Library Manager: ArmAr.exe V6.19
Hex Converter:   FromElf.exe V6.19
CPU DLL:         SARMCM3.DLL V5.38.0.0
Dialog DLL:      DCM.DLL V1.17.5.0
Target DLL:      STLink\ST-LINKIII-KEIL_SWO.dll V3.1.0.0
Dialog DLL:      TCM.DLL V1.56.4.0
 
<h2>Project:</h2>
C:\Users\jengp\Documents\Mobile Manipulator Project\Firmware\Thu_nghiem_tay_may\MDK-ARM\Thu_nghiem_tay_may.uvprojx
Project File Date:  04/27/2023

<h2>Output:</h2>
*** Using Compiler 'V6.19', folder: 'C:\Keil_v5\ARM\ARMCLANG\Bin'
Rebuild target 'Thu_nghiem_tay_may'
assembling startup_stm32f746xx.s...
compiling Analog.c...
compiling MCP4822.c...
compiling UART.c...
compiling main.c...
compiling Invert_Kinematic.c...
compiling stm32f7xx_it.c...
compiling Step_motor.c...
compiling stm32f7xx_hal_msp.c...
compiling stm32f7xx_hal_cortex.c...
compiling stm32f7xx_hal_dac.c...
compiling stm32f7xx_hal_dac_ex.c...
compiling stm32f7xx_hal_flash.c...
compiling stm32f7xx_hal_rcc.c...
compiling stm32f7xx_hal_rcc_ex.c...
compiling stm32f7xx_hal_flash_ex.c...
compiling stm32f7xx_hal_gpio.c...
compiling stm32f7xx_hal_dma_ex.c...
compiling stm32f7xx_hal_dma.c...
compiling stm32f7xx_hal_pwr.c...
compiling stm32f7xx_hal_pwr_ex.c...
compiling stm32f7xx_hal.c...
compiling stm32f7xx_hal_i2c_ex.c...
compiling stm32f7xx_hal_exti.c...
compiling stm32f7xx_hal_spi_ex.c...
compiling stm32f7xx_hal_uart_ex.c...
compiling system_stm32f7xx.c...
compiling stm32f7xx_hal_tim_ex.c...
compiling stm32f7xx_hal_spi.c...
compiling stm32f7xx_hal_uart.c...
compiling stm32f7xx_hal_i2c.c...
compiling stm32f7xx_hal_tim.c...
linking...
Program Size: Code=27582 RO-data=546 RW-data=12 ZI-data=3684  
FromELF: creating hex file...
"Thu_nghiem_tay_may\Thu_nghiem_tay_may.axf" - 0 Error(s), 0 Warning(s).

<h2>Software Packages used:</h2>

Package Vendor: ARM
                http://www.keil.com/pack/ARM.CMSIS.5.9.0.pack
                ARM.CMSIS.5.9.0
                CMSIS (Common Microcontroller Software Interface Standard)
   * Component: CORE Version: 5.6.0

Package Vendor: Keil
                https://www.keil.com/pack/Keil.STM32F7xx_DFP.2.15.1.pack
                Keil.STM32F7xx_DFP.2.15.1
                STMicroelectronics STM32F7 Series Device Support, Drivers and Examples

<h2>Collection of Component include folders:</h2>
  ./RTE/_Thu_nghiem_tay_may
  C:/Users/jengp/AppData/Local/Arm/Packs/ARM/CMSIS/5.9.0/CMSIS/Core/Include
  C:/Users/jengp/AppData/Local/Arm/Packs/Keil/STM32F7xx_DFP/2.15.1/Drivers/CMSIS/Device/ST/STM32F7xx/Include

<h2>Collection of Component Files used:</h2>

   * Component: ARM::CMSIS:CORE:5.6.0
Build Time Elapsed:  00:00:06
</pre>
</body>
</html>
